 duidemo

 Timestamp is 55accb61 (Mon Jul 20 18:20:17 2015)

 Preferred load address is 00400000

 Start         Length     Name                   Class
 0001:00000000 0003bdc0H .text                   CODE
 0001:0003bdc0 00000223H .text$x                 CODE
 0001:0003bff0 00000011H .text$yd                CODE
 0002:00000000 00000240H .idata$5                DATA
 0002:00000240 00000004H .CRT$XCA                DATA
 0002:00000244 00000004H .CRT$XCZ                DATA
 0002:00000248 00000004H .CRT$XIA                DATA
 0002:0000024c 00000010H .CRT$XIC                DATA
 0002:0000025c 00000004H .CRT$XIY                DATA
 0002:00000260 00000004H .CRT$XIZ                DATA
 0002:00000264 00000004H .CRT$XPA                DATA
 0002:00000268 00000008H .CRT$XPX                DATA
 0002:00000270 00000004H .CRT$XPXA               DATA
 0002:00000274 00000004H .CRT$XPZ                DATA
 0002:00000278 00000004H .CRT$XTA                DATA
 0002:0000027c 00000004H .CRT$XTZ                DATA
 0002:00000280 0000ace8H .rdata                  DATA
 0002:0000af68 0000003dH .rdata$debug            DATA
 0002:0000afa8 00000408H .rdata$r                DATA
 0002:0000b3b0 00000040H .rdata$sxdata           DATA
 0002:0000b3f0 00000004H .rtc$IAA                DATA
 0002:0000b3f4 00000008H .rtc$IMZ                DATA
 0002:0000b3fc 00000004H .rtc$IZZ                DATA
 0002:0000b400 00000004H .rtc$TAA                DATA
 0002:0000b404 00000008H .rtc$TMZ                DATA
 0002:0000b40c 00000004H .rtc$TZZ                DATA
 0002:0000b410 00000b94H .xdata$x                DATA
 0002:0000bfa4 00000078H .idata$2                DATA
 0002:0000c01c 00000014H .idata$3                DATA
 0002:0000c030 00000240H .idata$4                DATA
 0002:0000c270 00000e50H .idata$6                DATA
 0002:0000d0c0 00000000H .edata                  DATA
 0003:00000000 00000fe0H .data                   DATA
 0003:00000fe0 00001f70H .bss                    DATA
 0004:00000000 00000278H .rsrc$01                DATA
 0004:00000280 000adf70H .rsrc$02                DATA

  Address         Publics by Value              Rva+Base       Lib:Object

 0000:00000000       __except_list              00000000     <absolute>
 0000:00000010       ___safe_se_handler_count   00000010     <absolute>
 0000:00000000       ___ImageBase               00400000     <linker-defined>
 0001:00000000       _WinMain@16                00401000 f   duidemo.obj
 0001:00000270       ??0CGameBoxFrame@@QAE@XZ   00401270 f i duidemo.obj
 0001:00000330       ?UpdateUI@CGameBoxFrame@@UAGJXZ 00401330 f i duidemo.obj
 0001:00000340       ?GetWindowClassName@CGameBoxFrame@@UBEPBDXZ 00401340 f i duidemo.obj
 0001:00000360       ?GetClassStyle@CGameBoxFrame@@UBEIXZ 00401360 f i duidemo.obj
 0001:00000380       ?OnFinalMessage@CGameBoxFrame@@UAEXPAUHWND__@@@Z 00401380 f i duidemo.obj
 0001:000003e0       ?Notify@CGameBoxFrame@@UAEXAAUtagTNotifyUI@DuiLib@@@Z 004013e0 f i duidemo.obj
 0001:00000730       ?OnPrepare@CGameBoxFrame@@QAEXXZ 00401730 f i duidemo.obj
 0001:00000750       ?OnLClick@CGameBoxFrame@@QAEXPAVCControlUI@DuiLib@@@Z 00401750 f i duidemo.obj
 0001:00000860       ?HandleMessage@CGameBoxFrame@@UAEJIIJ@Z 00401860 f i duidemo.obj
 0001:00000bd0       ?OnCreate@CGameBoxFrame@@QAEJIIJAAH@Z 00401bd0 f i duidemo.obj
 0001:00000e30       ??0STRINGorID@DuiLib@@QAE@PBD@Z 00401e30 f i duidemo.obj
 0001:00000e50       ?Init@CGameBoxFrame@@QAEXXZ 00401e50 f i duidemo.obj
 0001:00000f00       ?OnClose@CGameBoxFrame@@QAEJIIJAAH@Z 00401f00 f i duidemo.obj
 0001:00000f20       ?OnDestroy@CGameBoxFrame@@QAEJIIJAAH@Z 00401f20 f i duidemo.obj
 0001:00000f60       ?OnNcActivate@CGameBoxFrame@@QAEJIIJAAH@Z 00401f60 f i duidemo.obj
 0001:00000fc0       ?OnNcCalcSize@CGameBoxFrame@@QAEJIIJAAH@Z 00401fc0 f i duidemo.obj
 0001:00000fe0       ?OnNcPaint@CGameBoxFrame@@QAEJIIJAAH@Z 00401fe0 f i duidemo.obj
 0001:00001000       ?OnNcHitTest@CGameBoxFrame@@QAEJIIJAAH@Z 00402000 f i duidemo.obj
 0001:00001330       __tcscmp                   00402330 f i duidemo.obj
 0001:00001350       ?OnSize@CGameBoxFrame@@QAEJIIJAAH@Z 00402350 f i duidemo.obj
 0001:00001510       ?OnGetMinMaxInfo@CGameBoxFrame@@QAEJIIJAAH@Z 00402510 f i duidemo.obj
 0001:00001660       ?OnSysCommand@CGameBoxFrame@@QAEJIIJAAH@Z 00402660 f i duidemo.obj
 0001:00001830       ??_GCGameBoxFrame@@QAEPAXI@Z 00402830 f i duidemo.obj
 0001:00001870       ??0CDialogBuilderCallbackEx@@QAE@XZ 00402870 f i duidemo.obj
 0001:000018a0       ??0IDialogBuilderCallback@DuiLib@@QAE@XZ 004028a0 f i duidemo.obj
 0001:000018c0       ?CreateControl@CDialogBuilderCallbackEx@@UAEPAVCControlUI@DuiLib@@PBD@Z 004028c0 f i duidemo.obj
 0001:000018e0       ??1CGameBoxFrame@@QAE@XZ   004028e0 f i duidemo.obj
 0001:00001960       ??0CWebBrowserEventHandler@DuiLib@@QAE@XZ 00402960 f i duidemo.obj
 0001:00001980       ??1CWebBrowserEventHandler@DuiLib@@QAE@XZ 00402980 f i duidemo.obj
 0001:000019a0       ?BeforeNavigate2@CWebBrowserEventHandler@DuiLib@@UAEXPAUIDispatch@@AAPAUtagVARIANT@@1111AAPAF@Z 004029a0 f i duidemo.obj
 0001:000019c0       ?NavigateError@CWebBrowserEventHandler@DuiLib@@UAEXPAUIDispatch@@AAPAUtagVARIANT@@11AAPAF@Z 004029c0 f i duidemo.obj
 0001:000019e0       ?NavigateComplete2@CWebBrowserEventHandler@DuiLib@@UAEXPAUIDispatch@@AAPAUtagVARIANT@@@Z 004029e0 f i duidemo.obj
 0001:00001a00       ?ProgressChange@CWebBrowserEventHandler@DuiLib@@UAEXJJ@Z 00402a00 f i duidemo.obj
 0001:00001a20       ?NewWindow3@CWebBrowserEventHandler@DuiLib@@UAEXPAPAUIDispatch@@AAPAFKPA_W2@Z 00402a20 f i duidemo.obj
 0001:00001a40       ?CommandStateChange@CWebBrowserEventHandler@DuiLib@@UAEXJF@Z 00402a40 f i duidemo.obj
 0001:00001a60       ?ShowContextMenu@CWebBrowserEventHandler@DuiLib@@UAGJKPAUtagPOINT@@PAUIUnknown@@PAUIDispatch@@@Z 00402a60 f i duidemo.obj
 0001:00001a70       ?GetHostInfo@CWebBrowserEventHandler@DuiLib@@UAGJPAU_DOCHOSTUIINFO@@@Z 00402a70 f i duidemo.obj
 0001:00001a80       ?ShowUI@CWebBrowserEventHandler@DuiLib@@UAGJKPAUIOleInPlaceActiveObject@@PAUIOleCommandTarget@@PAUIOleInPlaceFrame@@PAUIOleInPlaceUIWindow@@@Z 00402a80 f i duidemo.obj
 0001:00001a90       ?HideUI@CWebBrowserEventHandler@DuiLib@@UAGJXZ 00402a90 f i duidemo.obj
 0001:00001aa0       ?UpdateUI@CWebBrowserEventHandler@DuiLib@@UAGJXZ 00402aa0 f i duidemo.obj
 0001:00001ab0       ?EnableModeless@CWebBrowserEventHandler@DuiLib@@UAGJH@Z 00402ab0 f i duidemo.obj
 0001:00001ac0       ?OnDocWindowActivate@CWebBrowserEventHandler@DuiLib@@UAGJH@Z 00402ac0 f i duidemo.obj
 0001:00001ad0       ?OnFrameWindowActivate@CWebBrowserEventHandler@DuiLib@@UAGJH@Z 00402ad0 f i duidemo.obj
 0001:00001ae0       ?ResizeBorder@CWebBrowserEventHandler@DuiLib@@UAGJPBUtagRECT@@PAUIOleInPlaceUIWindow@@H@Z 00402ae0 f i duidemo.obj
 0001:00001af0       ?TranslateAcceleratorA@CWebBrowserEventHandler@DuiLib@@UAGJPAUtagMSG@@PBU_GUID@@K@Z 00402af0 f i duidemo.obj
 0001:00001b00       ?GetOptionKeyPath@CWebBrowserEventHandler@DuiLib@@UAGJPAPA_WK@Z 00402b00 f i duidemo.obj
 0001:00001b10       ?GetDropTarget@CWebBrowserEventHandler@DuiLib@@UAGJPAUIDropTarget@@PAPAU3@@Z 00402b10 f i duidemo.obj
 0001:00001b20       ?GetExternal@CWebBrowserEventHandler@DuiLib@@UAGJPAPAUIDispatch@@@Z 00402b20 f i duidemo.obj
 0001:00001b30       ?TranslateUrl@CWebBrowserEventHandler@DuiLib@@UAGJKPA_WPAPA_W@Z 00402b30 f i duidemo.obj
 0001:00001b40       ?FilterDataObject@CWebBrowserEventHandler@DuiLib@@UAGJPAUIDataObject@@PAPAU3@@Z 00402b40 f i duidemo.obj
 0001:00001b50       ?Download@CWebBrowserEventHandler@DuiLib@@UAGJPAUIMoniker@@PAUIBindCtx@@KJPAU_tagBINDINFO@@PB_W3I@Z 00402b50 f i duidemo.obj
 0001:00001b60       ??_H@YGXPAXIHP6EPAX0@Z@Z   00402b60 f i StdAfx.obj
 0001:00001b96       _LockResource@4            00402b96 f   kernel32:KERNEL32.dll
 0001:00001b9c       _SizeofResource@8          00402b9c f   kernel32:KERNEL32.dll
 0001:00001ba2       _FreeResource@4            00402ba2 f   kernel32:KERNEL32.dll
 0001:00001ba8       _LoadResource@8            00402ba8 f   kernel32:KERNEL32.dll
 0001:00001bae       _FindResourceA@12          00402bae f   kernel32:KERNEL32.dll
 0001:00001bb4       _ShowWindow@8              00402bb4 f   user32:USER32.dll
 0001:00001bba       _PostQuitMessage@4         00402bba f   user32:USER32.dll
 0001:00001bc0       _SetWindowLongA@12         00402bc0 f   user32:USER32.dll
 0001:00001bc6       _GetWindowLongA@8          00402bc6 f   user32:USER32.dll
 0001:00001bcc       _IsIconic@4                00402bcc f   user32:USER32.dll
 0001:00001bd2       _IsZoomed@4                00402bd2 f   user32:USER32.dll
 0001:00001bd8       _GetClientRect@8           00402bd8 f   user32:USER32.dll
 0001:00001bde       _ScreenToClient@8          00402bde f   user32:USER32.dll
 0001:00001be4       _SetWindowRgn@12           00402be4 f   user32:USER32.dll
 0001:00001bea       _GetWindowRect@8           00402bea f   user32:USER32.dll
 0001:00001bf0       _GetMonitorInfoA@8         00402bf0 f   user32:USER32.dll
 0001:00001bf6       _MonitorFromWindow@8       00402bf6 f   user32:USER32.dll
 0001:00001bfc       _DeleteObject@4            00402bfc f   gdi32:GDI32.dll
 0001:00001c02       _CreateRoundRectRgn@24     00402c02 f   gdi32:GDI32.dll
 0001:00001c08       _ShellExecuteA@24          00402c08 f   shell32:SHELL32.dll
 0001:00001c0e       _CoUninitialize@0          00402c0e f   ole32:ole32.dll
 0001:00001c14       _CoInitialize@4            00402c14 f   ole32:ole32.dll
 0001:00001c1a       ?MessageLoop@CPaintManagerUI@DuiLib@@SAXXZ 00402c1a f   DuiLib_d:DuiLib_d.dll
 0001:00001c20       ??BCWindowWnd@DuiLib@@QBEPAUHWND__@@XZ 00402c20 f   DuiLib_d:DuiLib_d.dll
 0001:00001c26       ?CenterWindow@CWindowWnd@DuiLib@@QAEXXZ 00402c26 f   DuiLib_d:DuiLib_d.dll
 0001:00001c2c       ?Create@CWindowWnd@DuiLib@@QAEPAUHWND__@@PAU3@PBDKKHHHHPAUHMENU__@@@Z 00402c2c f   DuiLib_d:DuiLib_d.dll
 0001:00001c32       ?SetResourceZip@CPaintManagerUI@DuiLib@@SAXPAXI@Z 00402c32 f   DuiLib_d:DuiLib_d.dll
 0001:00001c38       ?GetResourceDll@CPaintManagerUI@DuiLib@@SAPAUHINSTANCE__@@XZ 00402c38 f   DuiLib_d:DuiLib_d.dll
 0001:00001c3e       ?SetInstance@CPaintManagerUI@DuiLib@@SAXPAUHINSTANCE__@@@Z 00402c3e f   DuiLib_d:DuiLib_d.dll
 0001:00001c44       ??0CPaintManagerUI@DuiLib@@QAE@XZ 00402c44 f   DuiLib_d:DuiLib_d.dll
 0001:00001c4a       ??0INotifyUI@DuiLib@@QAE@XZ 00402c4a f   DuiLib_d:DuiLib_d.dll
 0001:00001c50       ??0CWindowWnd@DuiLib@@QAE@XZ 00402c50 f   DuiLib_d:DuiLib_d.dll
 0001:00001c56       ?GetSuperClassName@CWindowWnd@DuiLib@@MBEPBDXZ 00402c56 f   DuiLib_d:DuiLib_d.dll
 0001:00001c5c       ??1CDuiString@DuiLib@@QAE@XZ 00402c5c f   DuiLib_d:DuiLib_d.dll
 0001:00001c62       ?SelectItem@CTabLayoutUI@DuiLib@@QAE_NH@Z 00402c62 f   DuiLib_d:DuiLib_d.dll
 0001:00001c68       ?CompareNoCase@CDuiString@DuiLib@@QBEHPBD@Z 00402c68 f   DuiLib_d:DuiLib_d.dll
 0001:00001c6e       ?FindControl@CPaintManagerUI@DuiLib@@QBEPAVCControlUI@2@PBD@Z 00402c6e f   DuiLib_d:DuiLib_d.dll
 0001:00001c74       ?SendMessageA@CWindowWnd@DuiLib@@QAEJIIJ@Z 00402c74 f   DuiLib_d:DuiLib_d.dll
 0001:00001c7a       ??8CDuiString@DuiLib@@QBE_NPBD@Z 00402c7a f   DuiLib_d:DuiLib_d.dll
 0001:00001c80       ?HandleMessage@CWindowWnd@DuiLib@@MAEJIIJ@Z 00402c80 f   DuiLib_d:DuiLib_d.dll
 0001:00001c86       ?MessageHandler@CPaintManagerUI@DuiLib@@QAE_NIIJAAJ@Z 00402c86 f   DuiLib_d:DuiLib_d.dll
 0001:00001c8c       ??1CDialogBuilder@DuiLib@@QAE@XZ 00402c8c f   DuiLib_d:DuiLib_d.dll
 0001:00001c92       ?AddNotifier@CPaintManagerUI@DuiLib@@QAE_NPAVINotifyUI@2@@Z 00402c92 f   DuiLib_d:DuiLib_d.dll
 0001:00001c98       ?AttachDialog@CPaintManagerUI@DuiLib@@QAE_NPAVCControlUI@2@@Z 00402c98 f   DuiLib_d:DuiLib_d.dll
 0001:00001c9e       ?Create@CDialogBuilder@DuiLib@@QAEPAVCControlUI@2@VSTRINGorID@2@PBDPAVIDialogBuilderCallback@2@PAVCPaintManagerUI@2@PAV32@@Z 00402c9e f   DuiLib_d:DuiLib_d.dll
 0001:00001ca4       ??0CDialogBuilder@DuiLib@@QAE@XZ 00402ca4 f   DuiLib_d:DuiLib_d.dll
 0001:00001caa       ?Init@CPaintManagerUI@DuiLib@@QAEXPAUHWND__@@@Z 00402caa f   DuiLib_d:DuiLib_d.dll
 0001:00001cb0       ?SetIcon@CWindowWnd@DuiLib@@QAEXI@Z 00402cb0 f   DuiLib_d:DuiLib_d.dll
 0001:00001cb6       ?FindControl@CPaintManagerUI@DuiLib@@QBEPAVCControlUI@2@UtagPOINT@@@Z 00402cb6 f   DuiLib_d:DuiLib_d.dll
 0001:00001cbc       ?GetCaptionRect@CPaintManagerUI@DuiLib@@QAEAAUtagRECT@@XZ 00402cbc f   DuiLib_d:DuiLib_d.dll
 0001:00001cc2       ?GetSizeBox@CPaintManagerUI@DuiLib@@QAEAAUtagRECT@@XZ 00402cc2 f   DuiLib_d:DuiLib_d.dll
 0001:00001cc8       ?Offset@CDuiRect@DuiLib@@QAEXHH@Z 00402cc8 f   DuiLib_d:DuiLib_d.dll
 0001:00001cce       ??0CDuiRect@DuiLib@@QAE@XZ 00402cce f   DuiLib_d:DuiLib_d.dll
 0001:00001cd4       ?GetRoundCorner@CPaintManagerUI@DuiLib@@QBE?AUtagSIZE@@XZ 00402cd4 f   DuiLib_d:DuiLib_d.dll
 0001:00001cda       ??0CDuiRect@DuiLib@@QAE@ABUtagRECT@@@Z 00402cda f   DuiLib_d:DuiLib_d.dll
 0001:00001ce0       ??1CPaintManagerUI@DuiLib@@QAE@XZ 00402ce0 f   DuiLib_d:DuiLib_d.dll
 0001:00001cf0       ??_U@YAPAXI@Z              00402cf0 f   libcpmtd:newaop.obj
 0001:00001d10       ??2@YAPAXI@Z               00402d10 f   LIBCMTD:new.obj
 0001:00001d90       ??0bad_alloc@std@@QAE@XZ   00402d90 f i LIBCMTD:new.obj
 0001:00001dc0       ??1bad_alloc@std@@UAE@XZ   00402dc0 f i LIBCMTD:new.obj
 0001:00001de0       ??_Gbad_alloc@std@@UAEPAXI@Z 00402de0 f i LIBCMTD:new.obj
 0001:00001de0       ??_Ebad_alloc@std@@UAEPAXI@Z 00402de0 f i LIBCMTD:new.obj
 0001:00001e10       ??0bad_alloc@std@@QAE@ABV01@@Z 00402e10 f i LIBCMTD:new.obj
 0001:00001e40       _memcpy                    00402e40 f   LIBCMTD:memcpy.obj
 0001:000021b0       __RTC_CheckEsp             004031b0 f   LIBCMTD:_stack_.obj
 0001:000021e0       @_RTC_CheckStackVars@8     004031e0 f   LIBCMTD:_stack_.obj
 0001:00002250       @_RTC_AllocaHelper@12      00403250 f   LIBCMTD:_stack_.obj
 0001:00002290       @_RTC_CheckStackVars2@12   00403290 f   LIBCMTD:_stack_.obj
 0001:00002370       __RTC_InitBase             00403370 f   LIBCMTD:_init_.obj
 0001:000023a0       __RTC_Shutdown             004033a0 f   LIBCMTD:_init_.obj
 0001:000023c0       ?_JumpToContinuation@@YGXPAXPAUEHRegistrationNode@@@Z 004033c0 f   LIBCMTD:_trnsctrl_.obj
 0001:00002400       ?_CallMemberFunction0@@YGXPAX0@Z 00403400 f   LIBCMTD:_trnsctrl_.obj
 0001:00002410       ?_CallMemberFunction1@@YGXPAX00@Z 00403410 f   LIBCMTD:_trnsctrl_.obj
 0001:00002420       ?_CallMemberFunction2@@YGXPAX00H@Z 00403420 f   LIBCMTD:_trnsctrl_.obj
 0001:00002430       ?_UnwindNestedFrames@@YGXPAUEHRegistrationNode@@PAUEHExceptionRecord@@@Z 00403430 f   LIBCMTD:_trnsctrl_.obj
 0001:00002490       ___CxxFrameHandler         00403490 f   LIBCMTD:_trnsctrl_.obj
 0001:000024d0       ___CxxFrameHandler3        004034d0 f   LIBCMTD:_trnsctrl_.obj
 0001:00002510       ___CxxFrameHandler2        00403510 f   LIBCMTD:_trnsctrl_.obj
 0001:00002550       ___CxxLongjmpUnwind@4      00403550 f   LIBCMTD:_trnsctrl_.obj
 0001:00002580       ?_CallCatchBlock2@@YAPAXPAUEHRegistrationNode@@PBU_s_FuncInfo@@PAXHK@Z 00403580 f   LIBCMTD:_trnsctrl_.obj
 0001:00002640       ?_CallSETranslator@@YAHPAUEHExceptionRecord@@PAUEHRegistrationNode@@PAX2PBU_s_FuncInfo@@H1@Z 00403640 f   LIBCMTD:_trnsctrl_.obj
 0001:000027e0       ?_GetRangeOfTrysToCheck@@YAPBU_s_TryBlockMapEntry@@PBU_s_FuncInfo@@HHPAI1@Z 004037e0 f   LIBCMTD:_trnsctrl_.obj
 0001:00002860       __CreateFrameInfo          00403860 f   LIBCMTD:_trnsctrl_.obj
 0001:00002890       __IsExceptionObjectToBeDestroyed 00403890 f   LIBCMTD:_trnsctrl_.obj
 0001:000028c0       __FindAndUnlinkFrame       004038c0 f   LIBCMTD:_trnsctrl_.obj
 0001:00002920       @__security_check_cookie@4 00403920 f   LIBCMTD:secchk.obj
 0001:00002930       ?name@type_info@@QBEPBDPAU__type_info_node@@@Z 00403930 f   LIBCMTD:typinfo.obj
 0001:00002950       ??1type_info@@UAE@XZ       00403950 f   LIBCMTD:typinfo.obj
 0001:00002980       ??_Etype_info@@UAEPAXI@Z   00403980 f i LIBCMTD:typinfo.obj
 0001:00002980       ??_Gtype_info@@UAEPAXI@Z   00403980 f i LIBCMTD:typinfo.obj
 0001:000029b0       ?_name_internal_method@type_info@@QBEPBDPAU__type_info_node@@@Z 004039b0 f   LIBCMTD:typinfo.obj
 0001:000029d0       ?_type_info_dtor_internal_method@type_info@@QAEXXZ 004039d0 f   LIBCMTD:typinfo.obj
 0001:000029f0       ??8type_info@@QBE_NABV0@@Z 004039f0 f   LIBCMTD:typinfo.obj
 0001:00002a20       ??9type_info@@QBE_NABV0@@Z 00403a20 f   LIBCMTD:typinfo.obj
 0001:00002a50       ?before@type_info@@QBEHABV1@@Z 00403a50 f   LIBCMTD:typinfo.obj
 0001:00002a80       ?raw_name@type_info@@QBEPBDXZ 00403a80 f   LIBCMTD:typinfo.obj
 0001:00002aa0       ??0type_info@@AAE@ABV0@@Z  00403aa0 f   LIBCMTD:typinfo.obj
 0001:00002ac0       ??4type_info@@AAEAAV0@ABV0@@Z 00403ac0 f   LIBCMTD:typinfo.obj
 0001:00002ae0       __CrtSetReportHookW2       00403ae0 f   LIBCMTD:dbgrptw.obj
 0001:00002e10       __CrtDbgReportW            00403e10 f   LIBCMTD:dbgrptw.obj
 0001:00002e50       __CrtDbgReportWV           00403e50 f i LIBCMTD:dbgrptw.obj
 0001:00002e80       ___crtMessageWindowW       00403e80 f   LIBCMTD:dbgrptw.obj
 0001:00003280       __invoke_watson_if_error   00404280 f i LIBCMTD:dbgrptw.obj
 0001:000032b0       __invoke_watson_if_oneof   004042b0 f i LIBCMTD:dbgrptw.obj
 0001:000032f0       ?_CrtDbgReportW@@YAHHPBGH00ZZ 004042f0 f   LIBCMTD:dbgrptw.obj
 0001:00003330       __mbscmp_l                 00404330 f   LIBCMTD:mbscmp.obj
 0001:00003580       ??0_LocaleUpdate@@QAE@PAUlocaleinfo_struct@@@Z 00404580 f i LIBCMTD:mbscmp.obj
 0001:00003660       ??1_LocaleUpdate@@QAE@XZ   00404660 f i LIBCMTD:mbscmp.obj
 0001:00003690       ?GetLocaleT@_LocaleUpdate@@QAEPAUlocaleinfo_struct@@XZ 00404690 f i LIBCMTD:mbscmp.obj
 0001:000036a0       __mbscmp                   004046a0 f   LIBCMTD:mbscmp.obj
 0001:000036c0       ??3@YAXPAX@Z               004046c0 f   LIBCMTD:dbgdel.obj
 0001:000037b0       __purecall                 004047b0 f   LIBCMTD:purevirt.obj
 0001:000037f0       __set_purecall_handler     004047f0 f   LIBCMTD:purevirt.obj
 0001:00003830       __get_purecall_handler     00404830 f   LIBCMTD:purevirt.obj
 0001:00003850       _WinMainCRTStartup         00404850 f   LIBCMTD:wincrt0.obj
 0001:00003ad0       __onexit                   00404ad0 f   LIBCMTD:onexit.obj
 0001:00003ca0       _atexit                    00404ca0 f   LIBCMTD:onexit.obj
 0001:00003cc0       ___onexitinit              00404cc0 f   LIBCMTD:onexit.obj
 0001:00003d20       __initp_heap_handler       00404d20 f   LIBCMTD:handler.obj
 0001:00003d30       ?_set_new_handler@@YAP6AHI@ZP6AHI@Z@Z 00404d30 f   LIBCMTD:handler.obj
 0001:00003d70       ?_set_new_handler@@YAP6AHI@ZH@Z 00404d70 f   LIBCMTD:handler.obj
 0001:00003db0       ?_query_new_handler@@YAP6AHI@ZXZ 00404db0 f   LIBCMTD:handler.obj
 0001:00003dd0       __callnewh                 00404dd0 f   LIBCMTD:handler.obj
 0001:00003e10       _malloc                    00404e10 f   LIBCMTD:dbgmalloc.obj
 0001:00003e40       __CxxThrowException@8      00404e40 f   LIBCMTD:throw.obj
 0001:00003ea0       ??0exception@std@@QAE@XZ   00404ea0 f   LIBCMTD:stdexcpt.obj
 0001:00003ed0       ??_Eexception@std@@UAEPAXI@Z 00404ed0 f i LIBCMTD:stdexcpt.obj
 0001:00003ed0       ??_Gexception@std@@UAEPAXI@Z 00404ed0 f i LIBCMTD:stdexcpt.obj
 0001:00003f00       ??0exception@std@@QAE@ABQBD@Z 00404f00 f   LIBCMTD:stdexcpt.obj
 0001:00003f40       ??0exception@std@@QAE@ABQBDH@Z 00404f40 f   LIBCMTD:stdexcpt.obj
 0001:00003f70       ??0exception@std@@QAE@ABV01@@Z 00404f70 f   LIBCMTD:stdexcpt.obj
 0001:00003fb0       ??4exception@std@@QAEAAV01@ABV01@@Z 00404fb0 f   LIBCMTD:stdexcpt.obj
 0001:00004000       ??1exception@std@@UAE@XZ   00405000 f   LIBCMTD:stdexcpt.obj
 0001:00004020       ?what@exception@std@@UBEPBDXZ 00405020 f   LIBCMTD:stdexcpt.obj
 0001:00004050       ?_Copy_str@exception@std@@AAEXPBD@Z 00405050 f   LIBCMTD:stdexcpt.obj
 0001:000040c0       ?_Tidy@exception@std@@AAEXXZ 004050c0 f   LIBCMTD:stdexcpt.obj
 0001:00004100       ??0bad_cast@std@@QAE@PBD@Z 00405100 f   LIBCMTD:stdexcpt.obj
 0001:00004130       ??_Gbad_cast@std@@UAEPAXI@Z 00405130 f i LIBCMTD:stdexcpt.obj
 0001:00004130       ??_Ebad_cast@std@@UAEPAXI@Z 00405130 f i LIBCMTD:stdexcpt.obj
 0001:00004160       ??0bad_cast@std@@QAE@ABV01@@Z 00405160 f   LIBCMTD:stdexcpt.obj
 0001:00004190       ??1bad_cast@std@@UAE@XZ    00405190 f   LIBCMTD:stdexcpt.obj
 0001:000041b0       ??0bad_typeid@std@@QAE@PBD@Z 004051b0 f   LIBCMTD:stdexcpt.obj
 0001:000041e0       ??_Ebad_typeid@std@@UAEPAXI@Z 004051e0 f i LIBCMTD:stdexcpt.obj
 0001:000041e0       ??_Gbad_typeid@std@@UAEPAXI@Z 004051e0 f i LIBCMTD:stdexcpt.obj
 0001:00004210       ??0bad_typeid@std@@QAE@ABV01@@Z 00405210 f   LIBCMTD:stdexcpt.obj
 0001:00004240       ??1bad_typeid@std@@UAE@XZ  00405240 f   LIBCMTD:stdexcpt.obj
 0001:00004260       ??0__non_rtti_object@std@@QAE@PBD@Z 00405260 f   LIBCMTD:stdexcpt.obj
 0001:00004290       ??_G__non_rtti_object@std@@UAEPAXI@Z 00405290 f i LIBCMTD:stdexcpt.obj
 0001:00004290       ??_E__non_rtti_object@std@@UAEPAXI@Z 00405290 f i LIBCMTD:stdexcpt.obj
 0001:000042c0       ??0__non_rtti_object@std@@QAE@ABV01@@Z 004052c0 f   LIBCMTD:stdexcpt.obj
 0001:000042f0       ??1__non_rtti_object@std@@UAE@XZ 004052f0 f   LIBCMTD:stdexcpt.obj
 0001:00004310       __VEC_memcpy               00405310 f   LIBCMTD:p4_memcpy.obj
 0001:00004420       ___sse2_available_init     00405420 f   LIBCMTD:cpu_disp.obj
 0001:00004440       ?_RTC_Failure@@YAXPAXH@Z   00405440 f   LIBCMTD:_error_.obj
 0001:000047f0       ?_RTC_StackFailure@@YAXPAXPBD@Z 004057f0 f   LIBCMTD:_error_.obj
 0001:000048f0       ?_RTC_AllocaFailure@@YAXPAXPAU_RTC_ALLOCA_NODE@@H@Z 004058f0 f   LIBCMTD:_error_.obj
 0001:00004aa0       __RTC_UninitUse            00405aa0 f   LIBCMTD:_error_.obj
 0001:00004b90       __RTC_NumErrors            00405b90 f   LIBCMTD:_userapi_.obj
 0001:00004ba0       __RTC_GetErrDesc           00405ba0 f   LIBCMTD:_userapi_.obj
 0001:00004bc0       __RTC_SetErrorType         00405bc0 f   LIBCMTD:_userapi_.obj
 0001:00004bf0       __RTC_SetErrorFunc         00405bf0 f   LIBCMTD:_userapi_.obj
 0001:00004c10       __RTC_SetErrorFuncW        00405c10 f   LIBCMTD:_userapi_.obj
 0001:00004c30       ?_RTC_GetErrorFunc@@YAP6AHHPBDH00ZZPBX@Z 00405c30 f   LIBCMTD:_userapi_.obj
 0001:00004c40       ?_RTC_GetErrorFuncW@@YAP6AHHPB_WH00ZZPBX@Z 00405c40 f   LIBCMTD:_userapi_.obj
 0001:00004c50       __chkesp                   00405c50 f   LIBCMTD:chkesp.obj
 0001:00004c90       __CRT_RTC_INIT             00405c90 f   LIBCMTD:chkesp.obj
 0001:00004ca0       __CRT_RTC_INITW            00405ca0 f   LIBCMTD:chkesp.obj
 0001:00004cb0       ___InternalCxxFrameHandler 00405cb0 f   LIBCMTD:frame.obj
 0001:000052b0       ??0bad_exception@std@@QAE@PBD@Z 004062b0 f i LIBCMTD:frame.obj
 0001:000052e0       ??1bad_exception@std@@UAE@XZ 004062e0 f i LIBCMTD:frame.obj
 0001:00005300       ??_Gbad_exception@std@@UAEPAXI@Z 00406300 f i LIBCMTD:frame.obj
 0001:00005300       ??_Ebad_exception@std@@UAEPAXI@Z 00406300 f i LIBCMTD:frame.obj
 0001:00005330       ??0bad_exception@std@@QAE@ABV01@@Z 00406330 f i LIBCMTD:frame.obj
 0001:000054f0       ___TypeMatch               004064f0 f   LIBCMTD:frame.obj
 0001:000055a0       ___FrameUnwindFilter       004065a0 f   LIBCMTD:frame.obj
 0001:00005620       ___FrameUnwindToState      00406620 f   LIBCMTD:frame.obj
 0001:00005b60       ___BuildCatchObjectHelper  00406b60 f   LIBCMTD:frame.obj
 0001:00005dd0       ___BuildCatchObject        00406dd0 f   LIBCMTD:frame.obj
 0001:00005ee0       ___DestructExceptionObject 00406ee0 f   LIBCMTD:frame.obj
 0001:00005f90       ___AdjustPointer           00406f90 f   LIBCMTD:frame.obj
 0001:00005fe0       ?__uncaught_exception@@YA_NXZ 00406fe0 f   LIBCMTD:frame.obj
 0001:00006000       ___CxxExceptionFilter      00407000 f   LIBCMTD:frame.obj
 0001:00006200       ___CxxRegisterExceptionObject 00407200 f   LIBCMTD:frame.obj
 0001:00006330       ___CxxDetectRethrow        00407330 f   LIBCMTD:frame.obj
 0001:000063c0       ___CxxUnregisterExceptionObject 004073c0 f   LIBCMTD:frame.obj
 0001:00006540       ___CxxQueryExceptionSize   00407540 f   LIBCMTD:frame.obj
 0001:00006550       ___CxxCallUnwindDtor       00407550 f   LIBCMTD:frame.obj
 0001:000065d0       ___CxxCallUnwindDelDtor    004075d0 f   LIBCMTD:frame.obj
 0001:00006650       ___CxxCallUnwindStdDelDtor 00407650 f   LIBCMTD:frame.obj
 0001:000066d0       ___CxxCallUnwindVecDtor    004076d0 f   LIBCMTD:frame.obj
 0001:00006900       ?_is_exception_typeof@@YAHABVtype_info@@PAU_EXCEPTION_POINTERS@@@Z 00407900 f   LIBCMTD:frame.obj
 0001:000069e0       __CallSettingFrame@12      004079e0 f   LIBCMTD:lowhelpr.obj
 0001:00006a07       __NLG_Return               00407a07     LIBCMTD:lowhelpr.obj
 0001:00006a30       __encoded_null             00407a30 f   LIBCMTD:tidtable.obj
 0001:00006a40       ___crtTlsAlloc@4           00407a40 f   LIBCMTD:tidtable.obj
 0001:00006a50       ___fls_getvalue@4          00407a50 f   LIBCMTD:tidtable.obj
 0001:00006a70       ___get_flsindex            00407a70 f   LIBCMTD:tidtable.obj
 0001:00006a80       ___set_flsgetvalue         00407a80 f   LIBCMTD:tidtable.obj
 0001:00006ad0       ___fls_setvalue@8          00407ad0 f   LIBCMTD:tidtable.obj
 0001:00006af0       __mtinit                   00407af0 f   LIBCMTD:tidtable.obj
 0001:00006cf0       __mtterm                   00407cf0 f   LIBCMTD:tidtable.obj
 0001:00006d50       __initptd                  00407d50 f   LIBCMTD:tidtable.obj
 0001:00006e80       __getptd_noexit            00407e80 f   LIBCMTD:tidtable.obj
 0001:00006f40       __getptd                   00407f40 f   LIBCMTD:tidtable.obj
 0001:00006f70       __freefls@4                00407f70 f   LIBCMTD:tidtable.obj
 0001:00007180       __freeptd                  00408180 f   LIBCMTD:tidtable.obj
 0001:00007200       ___threadid                00408200 f   LIBCMTD:tidtable.obj
 0001:00007210       ___threadhandle            00408210 f   LIBCMTD:tidtable.obj
 0001:00007220       __initp_eh_hooks           00408220 f   LIBCMTD:hooks.obj
 0001:00007240       ?terminate@@YAXXZ          00408240 f   LIBCMTD:hooks.obj
 0001:000072c0       ?unexpected@@YAXXZ         004082c0 f   LIBCMTD:hooks.obj
 0001:000072f0       ?_inconsistency@@YAXXZ     004082f0 f   LIBCMTD:hooks.obj
 0001:00007380       ___report_gsfailure        00408380 f   LIBCMTD:gs_report.obj
 0001:00007490       ?_Type_info_dtor@type_info@@CAXPAV1@@Z 00408490 f   LIBCMTD:typname.obj
 0001:000075a0       ?_Name_base@type_info@@CAPBDPBV1@PAU__type_info_node@@@Z 004085a0 f   LIBCMTD:typname.obj
 0001:00007750       ?_Type_info_dtor_internal@type_info@@CAXPAV1@@Z 00408750 f   LIBCMTD:typname.obj
 0001:00007860       ___unDNameHelper           00408860 f   LIBCMTD:typname.obj
 0001:000078a0       ?_Name_base_internal@type_info@@CAPBDPBV1@PAU__type_info_node@@@Z 004088a0 f   LIBCMTD:typname.obj
 0001:00007a60       ___clean_type_info_names_internal 00408a60 f   LIBCMTD:typname.obj
 0001:00007b20       _strcmp                    00408b20 f   LIBCMTD:strcmp.obj
 0001:00007bb0       __mtinitlocks              00408bb0 f   LIBCMTD:mlock.obj
 0001:00007c40       __mtdeletelocks            00408c40 f   LIBCMTD:mlock.obj
 0001:00007d00       __mtinitlocknum            00408d00 f   LIBCMTD:mlock.obj
 0001:00007e50       __lock                     00408e50 f   LIBCMTD:mlock.obj
 0001:00007e90       __unlock                   00408e90 f   LIBCMTD:mlock.obj
 0001:00007eb0       __lockerr_exit             00408eb0 f   LIBCMTD:mlock.obj
 0001:00007ed0       __malloc_dbg               00408ed0 f   LIBCMTD:dbgheap.obj
 0001:00007f00       __nh_malloc                00408f00 f   LIBCMTD:dbgheap.obj
 0001:00007f20       __nh_malloc_dbg            00408f20 f   LIBCMTD:dbgheap.obj
 0001:00008000       __heap_alloc               00409000 f   LIBCMTD:dbgheap.obj
 0001:000083e0       __heap_alloc_dbg           004093e0 f   LIBCMTD:dbgheap.obj
 0001:00008440       __calloc_dbg_impl          00409440 f   LIBCMTD:dbgheap.obj
 0001:000084c0       __calloc_dbg               004094c0 f   LIBCMTD:dbgheap.obj
 0001:00008520       __recalloc                 00409520 f   LIBCMTD:dbgheap.obj
 0001:00008550       __realloc_dbg              00409550 f   LIBCMTD:dbgheap.obj
 0001:00008bf0       __recalloc_dbg             00409bf0 f   LIBCMTD:dbgheap.obj
 0001:00008ca0       __expand                   00409ca0 f   LIBCMTD:dbgheap.obj
 0001:00008cd0       __expand_dbg               00409cd0 f   LIBCMTD:dbgheap.obj
 0001:00008de0       __free_nolock              00409de0 f   LIBCMTD:dbgheap.obj
 0001:00008e00       __free_dbg                 00409e00 f   LIBCMTD:dbgheap.obj
 0001:00008e80       __free_dbg_nolock          00409e80 f   LIBCMTD:dbgheap.obj
 0001:00009360       __msize                    0040a360 f   LIBCMTD:dbgheap.obj
 0001:00009380       __msize_dbg                0040a380 f   LIBCMTD:dbgheap.obj
 0001:00009570       __CrtSetBreakAlloc         0040a570 f   LIBCMTD:dbgheap.obj
 0001:00009590       __CrtSetDbgBlockType       0040a590 f   LIBCMTD:dbgheap.obj
 0001:00009680       __CrtSetAllocHook          0040a680 f   LIBCMTD:dbgheap.obj
 0001:000096a0       __CrtGetAllocHook          0040a6a0 f   LIBCMTD:dbgheap.obj
 0001:000096f0       __CrtCheckMemory           0040a6f0 f   LIBCMTD:dbgheap.obj
 0001:00009b50       __CrtSetDbgFlag            0040ab50 f   LIBCMTD:dbgheap.obj
 0001:00009ca0       __CrtDoForAllClientObjects 0040aca0 f   LIBCMTD:dbgheap.obj
 0001:00009dc0       __CrtIsValidPointer        0040adc0 f   LIBCMTD:dbgheap.obj
 0001:00009dd0       __CrtIsValidHeapPointer    0040add0 f   LIBCMTD:dbgheap.obj
 0001:00009e20       __CrtIsMemoryBlock         0040ae20 f   LIBCMTD:dbgheap.obj
 0001:00009f90       __CrtReportBlockType       0040af90 f   LIBCMTD:dbgheap.obj
 0001:00009fc0       __CrtSetDumpClient         0040afc0 f   LIBCMTD:dbgheap.obj
 0001:00009fe0       __CrtGetDumpClient         0040afe0 f   LIBCMTD:dbgheap.obj
 0001:0000a000       __CrtMemCheckpoint         0040b000 f   LIBCMTD:dbgheap.obj
 0001:0000a220       __CrtMemDifference         0040b220 f   LIBCMTD:dbgheap.obj
 0001:0000a440       __CrtMemDumpAllObjectsSince 0040b440 f   LIBCMTD:dbgheap.obj
 0001:0000a930       __CrtDumpMemoryLeaks       0040b930 f   LIBCMTD:dbgheap.obj
 0001:0000a9b0       __CrtMemDumpStatistics     0040b9b0 f   LIBCMTD:dbgheap.obj
 0001:0000aac0       __aligned_malloc           0040bac0 f   LIBCMTD:dbgheap.obj
 0001:0000aae0       __aligned_malloc_dbg       0040bae0 f   LIBCMTD:dbgheap.obj
 0001:0000ab10       __aligned_realloc          0040bb10 f   LIBCMTD:dbgheap.obj
 0001:0000ab40       __aligned_recalloc         0040bb40 f   LIBCMTD:dbgheap.obj
 0001:0000ab70       __aligned_realloc_dbg      0040bb70 f   LIBCMTD:dbgheap.obj
 0001:0000aba0       __aligned_recalloc_dbg     0040bba0 f   LIBCMTD:dbgheap.obj
 0001:0000abd0       __aligned_offset_malloc    0040bbd0 f   LIBCMTD:dbgheap.obj
 0001:0000abf0       __aligned_offset_malloc_dbg 0040bbf0 f   LIBCMTD:dbgheap.obj
 0001:0000adb0       __aligned_offset_realloc   0040bdb0 f   LIBCMTD:dbgheap.obj
 0001:0000ade0       __aligned_offset_recalloc  0040bde0 f   LIBCMTD:dbgheap.obj
 0001:0000ae10       __aligned_offset_realloc_dbg 0040be10 f   LIBCMTD:dbgheap.obj
 0001:0000b100       __aligned_offset_recalloc_dbg 0040c100 f   LIBCMTD:dbgheap.obj
 0001:0000b1c0       __aligned_free             0040c1c0 f   LIBCMTD:dbgheap.obj
 0001:0000b1e0       __aligned_free_dbg         0040c1e0 f   LIBCMTD:dbgheap.obj
 0001:0000b290       __CrtSetDebugFillThreshold 0040c290 f   LIBCMTD:dbgheap.obj
 0001:0000b2b0       __CrtSetCheckCount         0040c2b0 f   LIBCMTD:dbgheap.obj
 0001:0000b2d0       __CrtGetCheckCount         0040c2d0 f   LIBCMTD:dbgheap.obj
 0001:0000b2e0       __aligned_msize            0040c2e0 f   LIBCMTD:dbgheap.obj
 0001:0000b300       __aligned_msize_dbg        0040c300 f   LIBCMTD:dbgheap.obj
 0001:0000b410       __CrtDbgBreak              0040c410 f   LIBCMTD:dbgrptt.obj
 0001:0000b420       __CrtSetReportMode         0040c420 f   LIBCMTD:dbgrptt.obj
 0001:0000b560       __CrtSetReportFile         0040c560 f   LIBCMTD:dbgrptt.obj
 0001:0000b660       __CrtSetReportHook         0040c660 f   LIBCMTD:dbgrptt.obj
 0001:0000b680       __CrtGetReportHook         0040c680 f   LIBCMTD:dbgrptt.obj
 0001:0000b690       __VCrtDbgReportA           0040c690 f   LIBCMTD:dbgrptt.obj
 0001:0000bed0       __VCrtDbgReportW           0040ced0 f   LIBCMTD:dbgrptt.obj
 0001:0000c800       __initp_misc_invarg        0040d800 f   LIBCMTD:invarg.obj
 0001:0000c810       __invalid_parameter        0040d810 f   LIBCMTD:invarg.obj
 0001:0000c870       __invoke_watson            0040d870 f   LIBCMTD:invarg.obj
 0001:0000c8a0       __call_reportfault         0040d8a0 f   LIBCMTD:invarg.obj
 0001:0000c9f0       __set_invalid_parameter_handler 0040d9f0 f   LIBCMTD:invarg.obj
 0001:0000ca30       __get_invalid_parameter_handler 0040da30 f   LIBCMTD:invarg.obj
 0001:0000ca60       ?_invalid_parameter@@YAXPBG00II@Z 0040da60 f   LIBCMTD:invarg.obj
 0001:0000ca90       ?_invoke_watson@@YAXPBG00II@Z 0040da90 f   LIBCMTD:invarg.obj
 0001:0000cab0       __dosmaperr                0040dab0 f   LIBCMTD:dosmap.obj
 0001:0000cae0       __get_errno_from_oserr     0040dae0 f   LIBCMTD:dosmap.obj
 0001:0000cb60       __set_errno                0040db60 f   LIBCMTD:dosmap.obj
 0001:0000cb90       __get_errno                0040db90 f   LIBCMTD:dosmap.obj
 0001:0000cc10       __set_doserrno             0040dc10 f   LIBCMTD:dosmap.obj
 0001:0000cc40       __get_doserrno             0040dc40 f   LIBCMTD:dosmap.obj
 0001:0000ccc0       __errno                    0040dcc0 f   LIBCMTD:dosmap.obj
 0001:0000ccf0       ___doserrno                0040dcf0 f   LIBCMTD:dosmap.obj
 0001:0000cd20       __except_handler4          0040dd20 f   LIBCMTD:chandler4.obj
 0001:0000cf40       __cinit                    0040df40 f   LIBCMTD:crt0dat.obj
 0001:0000cfe0       _exit                      0040dfe0 f   LIBCMTD:crt0dat.obj
 0001:0000d000       __exit                     0040e000 f   LIBCMTD:crt0dat.obj
 0001:0000d020       __cexit                    0040e020 f   LIBCMTD:crt0dat.obj
 0001:0000d040       __c_exit                   0040e040 f   LIBCMTD:crt0dat.obj
 0001:0000d060       __amsg_exit                0040e060 f   LIBCMTD:crt0dat.obj
 0001:0000d090       ___freeCrtMemory           0040e090 f   LIBCMTD:crt0dat.obj
 0001:0000d3d0       ___crtCorExitProcess       0040e3d0 f   LIBCMTD:crt0dat.obj
 0001:0000d410       ___crtExitProcess          0040e410 f   LIBCMTD:crt0dat.obj
 0001:0000d430       __lockexit                 0040e430 f   LIBCMTD:crt0dat.obj
 0001:0000d450       __unlockexit               0040e450 f   LIBCMTD:crt0dat.obj
 0001:0000d470       __init_pointers            0040e470 f   LIBCMTD:crt0dat.obj
 0001:0000d500       __initterm_e               0040e500 f   LIBCMTD:crt0dat.obj
 0001:0000d540       __get_wpgmptr              0040e540 f   LIBCMTD:crt0dat.obj
 0001:0000d630       __get_pgmptr               0040e630 f   LIBCMTD:crt0dat.obj
 0001:0000d720       __initp_misc_winsig        0040e720 f   LIBCMTD:winsig.obj
 0001:0000d750       _signal                    0040e750 f   LIBCMTD:winsig.obj
 0001:0000dbf0       _raise                     0040ebf0 f   LIBCMTD:winsig.obj
 0001:0000df60       ___get_sigabrt             0040ef60 f   LIBCMTD:winsig.obj
 0001:0000df80       ___fpecode                 0040ef80 f   LIBCMTD:winsig.obj
 0001:0000df90       ___pxcptinfoptrs           0040ef90 f   LIBCMTD:winsig.obj
 0001:0000dfb0       ___crtMessageBoxW          0040efb0 f   LIBCMTD:crtmboxw.obj
 0001:0000e1d0       __swprintf                 0040f1d0 f   LIBCMTD:swprintf.obj
 0001:0000e3d0       ___swprintf_l              0040f3d0 f   LIBCMTD:swprintf.obj
 0001:0000e400       _swprintf_s                0040f400 f   LIBCMTD:swprintf.obj
 0001:0000e430       __snwprintf_s              0040f430 f   LIBCMTD:swprintf.obj
 0001:0000e460       __swprintf_p               0040f460 f   LIBCMTD:swprintf.obj
 0001:0000e490       __swprintf_s_l             0040f490 f   LIBCMTD:swprintf.obj
 0001:0000e4c0       __snwprintf_s_l            0040f4c0 f   LIBCMTD:swprintf.obj
 0001:0000e4f0       __swprintf_p_l             0040f4f0 f   LIBCMTD:swprintf.obj
 0001:0000e520       __scwprintf                0040f520 f   LIBCMTD:swprintf.obj
 0001:0000e540       __scwprintf_p              0040f540 f   LIBCMTD:swprintf.obj
 0001:0000e560       __scwprintf_l              0040f560 f   LIBCMTD:swprintf.obj
 0001:0000e590       __scwprintf_p_l            0040f590 f   LIBCMTD:swprintf.obj
 0001:0000e5c0       _memcpy_s                  0040f5c0 f   LIBCMTD:memcpy_s.obj
 0001:0000e750       _wcslen                    0040f750 f   LIBCMTD:wcslen.obj
 0001:0000e780       _wcscpy_s                  0040f780 f   LIBCMTD:wcscpy_s.obj
 0001:0000ea60       __chkstk                   0040fa60 f   LIBCMTD:chkstk.obj
 0001:0000ea60       __alloca_probe             0040fa60     LIBCMTD:chkstk.obj
 0001:0000ea90       ___updatetmbcinfo          0040fa90 f   LIBCMTD:mbctype.obj
 0001:0000eba0       __setmbcp                  0040fba0 f   LIBCMTD:mbctype.obj
 0001:0000ef50       __setmbcp_nolock           0040ff50 f   LIBCMTD:mbctype.obj
 0001:0000f740       __getmbcp                  00410740 f   LIBCMTD:mbctype.obj
 0001:0000f7b0       ___initmbctable            004107b0 f   LIBCMTD:mbctype.obj
 0001:0000f7e0       ___addlocaleref            004107e0 f   LIBCMTD:localref.obj
 0001:0000f900       ___removelocaleref         00410900 f   LIBCMTD:localref.obj
 0001:0000fa30       ___freetlocinfo            00410a30 f   LIBCMTD:localref.obj
 0001:0000fd10       __updatetlocinfoEx_nolock  00410d10 f   LIBCMTD:localref.obj
 0001:0000fd90       ___updatetlocinfo          00410d90 f   LIBCMTD:localref.obj
 0001:0000fe60       _abort                     00410e60 f   LIBCMTD:abort.obj
 0001:0000fec0       __set_abort_behavior       00410ec0 f   LIBCMTD:abort.obj
 0001:0000fef0       __FF_MSGBANNER             00410ef0 f   LIBCMTD:crt0msg.obj
 0001:0000ff40       __GET_RTERRMSG             00410f40 f   LIBCMTD:crt0msg.obj
 0001:0000ff90       __NMSG_WRITE               00410f90 f   LIBCMTD:crt0msg.obj
 0001:000102d0       ___getlocaleinfo           004112d0 f   LIBCMTD:inithelp.obj
 0001:000105b0       __initp_misc_purevirt      004115b0 f   LIBCMTD:inithelp.obj
 0001:000105c0       ?__CxxUnhandledExceptionFilter@@YGJPAU_EXCEPTION_POINTERS@@@Z 004115c0 f   LIBCMTD:unhandld.obj
 0001:00010630       ___CxxSetUnhandledExceptionFilter 00411630 f   LIBCMTD:unhandld.obj
 0001:00010650       ___security_init_cookie    00411650 f   LIBCMTD:gs_support.obj
 0001:00010730       ___CppXcptFilter           00411730 f   LIBCMTD:winxfltr.obj
 0001:00010760       __XcptFilter               00411760 f   LIBCMTD:winxfltr.obj
 0001:000109c0       __wincmdln                 004119c0 f   LIBCMTD:wincmdln.obj
 0001:00010a90       __setenvp                  00411a90 f   LIBCMTD:stdenvp.obj
 0001:00010c30       __setargv                  00411c30 f   LIBCMTD:stdargv.obj
 0001:00010d50       __set_pgmptr               00411d50 f i LIBCMTD:stdargv.obj
 0001:000110c0       ___crtGetEnvironmentStringsA 004120c0 f   LIBCMTD:a_env.obj
 0001:000111c0       __ioinit                   004121c0 f   LIBCMTD:ioinit.obj
 0001:000115d0       __ioterm                   004125d0 f   LIBCMTD:ioinit.obj
 0001:00011670       __RTC_Initialize           00412670 f   LIBCMTD:_initsect_.obj
 0001:000116a0       __RTC_Terminate            004126a0 f   LIBCMTD:_initsect_.obj
 0001:000116d0       __heap_init                004126d0 f   LIBCMTD:heapinit.obj
 0001:00011710       __heap_term                00412710 f   LIBCMTD:heapinit.obj
 0001:00011730       __get_heap_handle          00412730 f   LIBCMTD:heapinit.obj
 0001:00011770       _strcpy_s                  00412770 f   LIBCMTD:strcpy_s.obj
 0001:00011a50       _strlen                    00412a50 f   LIBCMTD:strlen.obj
 0001:00011ae0       _free                      00412ae0 f   LIBCMTD:dbgfree.obj
 0001:00011b00       ?_RTC_GetSrcLine@@YAHPAEPA_WKPAH1K@Z 00412b00 f   LIBCMTD:_pdblkup_.obj
 0001:00011fb0       __CrtSetReportHook2        00412fb0 f   LIBCMTD:dbgrpt.obj
 0001:000122e0       __CrtDbgReport             004132e0 f   LIBCMTD:dbgrpt.obj
 0001:00012320       __CrtDbgReportV            00413320 f i LIBCMTD:dbgrpt.obj
 0001:00012350       ___crtMessageWindowA       00413350 f   LIBCMTD:dbgrpt.obj
 0001:00012750       ?_ValidateRead@@YAHPBXI@Z  00413750 f   LIBCMTD:validate.obj
 0001:00012780       ?_ValidateWrite@@YAHPAXI@Z 00413780 f   LIBCMTD:validate.obj
 0001:000127b0       ?_ValidateExecute@@YAHP6GHXZ@Z 004137b0 f   LIBCMTD:validate.obj
 0001:000127e0       _memmove                   004137e0 f   LIBCMTD:memmove.obj
 0001:00012b50       __global_unwind2           00413b50 f   LIBCMTD:exsup.obj
 0001:00012bb5       __local_unwind2            00413bb5 f   LIBCMTD:exsup.obj
 0001:00012c39       __abnormal_termination     00413c39 f   LIBCMTD:exsup.obj
 0001:00012c5c       __NLG_Notify1              00413c5c f   LIBCMTD:exsup.obj
 0001:00012c65       __NLG_Notify               00413c65 f   LIBCMTD:exsup.obj
 0001:00012c7c       __NLG_Dispatch2            00413c7c     LIBCMTD:exsup.obj
 0001:00012c7c       __NLG_Dispatch             00413c7c     LIBCMTD:exsup.obj
 0001:00012c84       __NLG_Call                 00413c84 f   LIBCMTD:exsup.obj
 0001:00012c86       __NLG_Return2              00413c86     LIBCMTD:exsup.obj
 0001:00012c90       __CrtDefaultAllocHook      00413c90 f   LIBCMTD:dbghook.obj
 0001:00012ca0       __crt_debugger_hook        00413ca0 f   LIBCMTD:dbghook.obj
 0001:00012cc0       ___unDName                 00413cc0 f   LIBCMTD:undname.obj
 0001:00012da0       ?Constructor@_HeapManager@@QAEXP6APAXI@ZP6AXPAX@Z@Z 00413da0 f i LIBCMTD:undname.obj
 0001:00012de0       ?Destructor@_HeapManager@@QAEXXZ 00413de0 f i LIBCMTD:undname.obj
 0001:00012e30       ___unDNameEx               00413e30 f   LIBCMTD:undname.obj
 0001:00012f10       ??0UnDecorator@@QAE@PADPBDHP6APADJ@ZK@Z 00413f10 f i LIBCMTD:undname.obj
 0001:00012fc0       ??BUnDecorator@@QAEPADXZ   00413fc0 f i LIBCMTD:undname.obj
 0001:000131f0       ?dbGetString@DName@@QBEPADXZ 004141f0 f   LIBCMTD:undname.obj
 0001:00013220       ?getDecoratedName@UnDecorator@@CA?AVDName@@XZ 00414220 f   LIBCMTD:undname.obj
 0001:00013530       ?getSymbolName@UnDecorator@@CA?AVDName@@XZ 00414530 f i LIBCMTD:undname.obj
 0001:000135b0       ?getZName@UnDecorator@@CA?AVDName@@_N0@Z 004145b0 f   LIBCMTD:undname.obj
 0001:00013850       ?getOperatorName@UnDecorator@@CA?AVDName@@_NPA_N@Z 00414850 f i LIBCMTD:undname.obj
 0001:000141c0       ?getStringEncoding@UnDecorator@@CA?AVDName@@PADH@Z 004151c0 f   LIBCMTD:undname.obj
 0001:000142c0       ?getScope@UnDecorator@@CA?AVDName@@XZ 004152c0 f   LIBCMTD:undname.obj
 0001:000146a0       ?getSignedDimension@UnDecorator@@CA?AVDName@@XZ 004156a0 f   LIBCMTD:undname.obj
 0001:00014720       ?getDimension@UnDecorator@@CA?AVDName@@_N@Z 00415720 f   LIBCMTD:undname.obj
 0001:000149d0       ?getNumberOfDimensions@UnDecorator@@CAHXZ 004159d0 f   LIBCMTD:undname.obj
 0001:00014ad0       ?getTemplateName@UnDecorator@@CA?AVDName@@_N@Z 00415ad0 f   LIBCMTD:undname.obj
 0001:00014c90       ?getTemplateArgumentList@UnDecorator@@CA?AVDName@@XZ 00415c90 f   LIBCMTD:undname.obj
 0001:00014f10       ?getTemplateConstant@UnDecorator@@CA?AVDName@@XZ 00415f10 f   LIBCMTD:undname.obj
 0001:000153a0       ?composeDeclaration@UnDecorator@@CA?AVDName@@ABV2@@Z 004163a0 f i LIBCMTD:undname.obj
 0001:000169a0       ?getTypeEncoding@UnDecorator@@CAHXZ 004179a0 f i LIBCMTD:undname.obj
 0001:000173e0       ?getBasedType@UnDecorator@@CA?AVDName@@XZ 004183e0 f   LIBCMTD:undname.obj
 0001:000174a0       ?getScopedName@UnDecorator@@CA?AVDName@@XZ 004184a0 f   LIBCMTD:undname.obj
 0001:000175c0       ?getCallingConvention@UnDecorator@@CA?AVDName@@XZ 004185c0 f   LIBCMTD:undname.obj
 0001:00017740       ?getReturnType@UnDecorator@@CA?AVDName@@PAV2@@Z 00418740 f   LIBCMTD:undname.obj
 0001:00017790       ?getDataType@UnDecorator@@CA?AVDName@@PAV2@@Z 00418790 f   LIBCMTD:undname.obj
 0001:000178b0       ?getPrimaryDataType@UnDecorator@@CA?AVDName@@ABV2@@Z 004188b0 f   LIBCMTD:undname.obj
 0001:00017c50       ?getArgumentTypes@UnDecorator@@CA?AVDName@@XZ 00418c50 f   LIBCMTD:undname.obj
 0001:00017db0       ?getArgumentList@UnDecorator@@CA?AVDName@@XZ 00418db0 f   LIBCMTD:undname.obj
 0001:00017f00       ?getThrowTypes@UnDecorator@@CA?AVDName@@XZ 00418f00 f   LIBCMTD:undname.obj
 0001:00017fb0       ?getBasicDataType@UnDecorator@@CA?AVDName@@ABV2@@Z 00418fb0 f   LIBCMTD:undname.obj
 0001:00018570       ?getECSUDataType@UnDecorator@@CA?AVDName@@XZ 00419570 f   LIBCMTD:undname.obj
 0001:00018740       ?getECSUName@UnDecorator@@CA?AVDName@@XZ 00419740 f i LIBCMTD:undname.obj
 0001:00018760       ?getEnumType@UnDecorator@@CA?AVDName@@XZ 00419760 f i LIBCMTD:undname.obj
 0001:000188b0       ?getFunctionIndirectType@UnDecorator@@CA?AVDName@@ABV2@@Z 004198b0 f   LIBCMTD:undname.obj
 0001:00018cf0       ?getPtrRefType@UnDecorator@@CA?AVDName@@ABV2@0PBD@Z 00419cf0 f   LIBCMTD:undname.obj
 0001:00018e50       ?getExtendedDataIndirectType@UnDecorator@@CA?AVDName@@AAPBDAA_NH@Z 00419e50 f   LIBCMTD:undname.obj
 0001:00019070       ?getDataIndirectType@UnDecorator@@CA?AVDName@@ABV2@PBD0H@Z 0041a070 f   LIBCMTD:undname.obj
 0001:00019770       ?getPtrRefDataType@UnDecorator@@CA?AVDName@@ABV2@H@Z 0041a770 f i LIBCMTD:undname.obj
 0001:000198b0       ?getArrayType@UnDecorator@@CA?AVDName@@ABV2@@Z 0041a8b0 f i LIBCMTD:undname.obj
 0001:00019ae0       ?getLexicalFrame@UnDecorator@@CA?AVDName@@XZ 0041aae0 f i LIBCMTD:undname.obj
 0001:00019b20       ?getThisType@UnDecorator@@CA?AVDName@@XZ 0041ab20 f i LIBCMTD:undname.obj
 0001:00019b60       ?getPointerType@UnDecorator@@CA?AVDName@@ABV2@0@Z 0041ab60 f i LIBCMTD:undname.obj
 0001:00019b90       ?getPointerTypeArray@UnDecorator@@CA?AVDName@@ABV2@0@Z 0041ab90 f i LIBCMTD:undname.obj
 0001:00019bc0       ?getReferenceType@UnDecorator@@CA?AVDName@@ABV2@0PBD@Z 0041abc0 f i LIBCMTD:undname.obj
 0001:00019bf0       ?getDisplacement@UnDecorator@@CA?AVDName@@XZ 0041abf0 f i LIBCMTD:undname.obj
 0001:00019c10       ?getCallIndex@UnDecorator@@CA?AVDName@@XZ 0041ac10 f i LIBCMTD:undname.obj
 0001:00019c30       ?getGuardNumber@UnDecorator@@CA?AVDName@@XZ 0041ac30 f i LIBCMTD:undname.obj
 0001:00019c50       ?getVbTableType@UnDecorator@@CA?AVDName@@ABV2@@Z 0041ac50 f i LIBCMTD:undname.obj
 0001:00019c70       ?getVCallThunkType@UnDecorator@@CA?AVDName@@XZ 0041ac70 f i LIBCMTD:undname.obj
 0001:00019cd0       ?getVfTableType@UnDecorator@@CA?AVDName@@ABV2@@Z 0041acd0 f i LIBCMTD:undname.obj
 0001:00019e90       ?getStorageConvention@UnDecorator@@CA?AVDName@@XZ 0041ae90 f i LIBCMTD:undname.obj
 0001:00019eb0       ?getDataIndirectType@UnDecorator@@CA?AVDName@@XZ 0041aeb0 f i LIBCMTD:undname.obj
 0001:00019ef0       ?getVdispMapType@UnDecorator@@CA?AVDName@@ABV2@@Z 0041aef0 f i LIBCMTD:undname.obj
 0001:00019f60       ?getExternalDataType@UnDecorator@@CA?AVDName@@ABV2@@Z 0041af60 f i LIBCMTD:undname.obj
 0001:00019ff0       ?doMSKeywords@UnDecorator@@SAHXZ 0041aff0 f i LIBCMTD:undname.obj
 0001:0001a010       ?doPtr64@UnDecorator@@SAHXZ 0041b010 f i LIBCMTD:undname.obj
 0001:0001a030       ?doFunctionReturns@UnDecorator@@SAHXZ 0041b030 f i LIBCMTD:undname.obj
 0001:0001a050       ?doAllocationModel@UnDecorator@@SAHXZ 0041b050 f i LIBCMTD:undname.obj
 0001:0001a070       ?doAllocationLanguage@UnDecorator@@SAHXZ 0041b070 f i LIBCMTD:undname.obj
 0001:0001a090       ?doThisTypes@UnDecorator@@SAHXZ 0041b090 f i LIBCMTD:undname.obj
 0001:0001a0b0       ?doAccessSpecifiers@UnDecorator@@SAHXZ 0041b0b0 f i LIBCMTD:undname.obj
 0001:0001a0d0       ?doThrowTypes@UnDecorator@@SAHXZ 0041b0d0 f i LIBCMTD:undname.obj
 0001:0001a0f0       ?doMemberTypes@UnDecorator@@SAHXZ 0041b0f0 f i LIBCMTD:undname.obj
 0001:0001a110       ?doNameOnly@UnDecorator@@SAHXZ 0041b110 f i LIBCMTD:undname.obj
 0001:0001a130       ?doTypeOnly@UnDecorator@@SAHXZ 0041b130 f i LIBCMTD:undname.obj
 0001:0001a150       ?haveTemplateParameters@UnDecorator@@SAHXZ 0041b150 f i LIBCMTD:undname.obj
 0001:0001a170       ?doEcsu@UnDecorator@@SAHXZ 0041b170 f i LIBCMTD:undname.obj
 0001:0001a190       ?doEllipsis@UnDecorator@@SAHXZ 0041b190 f i LIBCMTD:undname.obj
 0001:0001a1b0       ?UScore@UnDecorator@@SAPBDW4Tokens@@@Z 0041b1b0 f   LIBCMTD:undname.obj
 0001:0001a1e0       ?doUnderScore@UnDecorator@@SAHXZ 0041b1e0 f i LIBCMTD:undname.obj
 0001:0001a200       ??2@YAPAXIAAV_HeapManager@@H@Z 0041b200 f i LIBCMTD:undname.obj
 0001:0001a220       ?getMemory@_HeapManager@@QAEPAXIH@Z 0041b220 f   LIBCMTD:undname.obj
 0001:0001a330       ??0Block@_HeapManager@@QAE@XZ 0041b330 f i LIBCMTD:undname.obj
 0001:0001a350       ??H@YA?AVDName@@DABV0@@Z   0041b350 f i LIBCMTD:undname.obj
 0001:0001a380       ??H@YA?AVDName@@W4DNameStatus@@ABV0@@Z 0041b380 f i LIBCMTD:undname.obj
 0001:0001a3b0       ??H@YA?AVDName@@PBDABV0@@Z 0041b3b0 f i LIBCMTD:undname.obj
 0001:0001a3e0       ??0DName@@QAE@XZ           0041b3e0 f i LIBCMTD:undname.obj
 0001:0001a4a0       ??0DName@@QAE@D@Z          0041b4a0 f   LIBCMTD:undname.obj
 0001:0001a580       ??0DName@@QAE@ABV0@@Z      0041b580 f i LIBCMTD:undname.obj
 0001:0001a5b0       ??0DName@@QAE@PAV0@@Z      0041b5b0 f   LIBCMTD:undname.obj
 0001:0001a6e0       ??0DName@@QAE@PBD@Z        0041b6e0 f   LIBCMTD:undname.obj
 0001:0001a7d0       ??0DName@@QAE@AAPBDD@Z     0041b7d0 f   LIBCMTD:undname.obj
 0001:0001aa90       ?doNoIdentCharCheck@UnDecorator@@SAHXZ 0041ba90 f i LIBCMTD:undname.obj
 0001:0001aab0       ??0DName@@QAE@_K@Z         0041bab0 f   LIBCMTD:undname.obj
 0001:0001abf0       ??0DName@@QAE@_J@Z         0041bbf0 f   LIBCMTD:undname.obj
 0001:0001ad70       ??0DName@@QAE@W4DNameStatus@@@Z 0041bd70 f   LIBCMTD:undname.obj
 0001:0001ae90       ?isValid@DName@@QBEHXZ     0041be90 f i LIBCMTD:undname.obj
 0001:0001aec0       ?isEmpty@DName@@QBEHXZ     0041bec0 f i LIBCMTD:undname.obj
 0001:0001aee0       ?status@DName@@QBE?AW4DNameStatus@@XZ 0041bee0 f i LIBCMTD:undname.obj
 0001:0001af00       ?setPtrRef@DName@@QAEAAV1@XZ 0041bf00 f i LIBCMTD:undname.obj
 0001:0001af30       ?isPtrRef@DName@@QBEHXZ    0041bf30 f i LIBCMTD:undname.obj
 0001:0001af50       ?isUDC@DName@@QBEHXZ       0041bf50 f i LIBCMTD:undname.obj
 0001:0001af90       ?setIsUDC@DName@@QAEXXZ    0041bf90 f i LIBCMTD:undname.obj
 0001:0001afc0       ?isUDTThunk@DName@@QBEHXZ  0041bfc0 f i LIBCMTD:undname.obj
 0001:0001b000       ?setIsArray@DName@@QAEXXZ  0041c000 f i LIBCMTD:undname.obj
 0001:0001b020       ?isArray@DName@@QBEHXZ     0041c020 f i LIBCMTD:undname.obj
 0001:0001b040       ?isNoTE@DName@@QBEHXZ      0041c040 f i LIBCMTD:undname.obj
 0001:0001b060       ?setIsNoTE@DName@@QAEXXZ   0041c060 f i LIBCMTD:undname.obj
 0001:0001b080       ?isPinPtr@DName@@QBEHXZ    0041c080 f i LIBCMTD:undname.obj
 0001:0001b0a0       ?setIsPinPtr@DName@@QAEXXZ 0041c0a0 f i LIBCMTD:undname.obj
 0001:0001b0c0       ?isComArray@DName@@QBEHXZ  0041c0c0 f i LIBCMTD:undname.obj
 0001:0001b0e0       ?setIsComArray@DName@@QAEXXZ 0041c0e0 f i LIBCMTD:undname.obj
 0001:0001b100       ?isVCallThunk@DName@@QBEHXZ 0041c100 f i LIBCMTD:undname.obj
 0001:0001b120       ?setIsVCallThunk@DName@@QAEXXZ 0041c120 f i LIBCMTD:undname.obj
 0001:0001b140       ?length@DName@@QBEHXZ      0041c140 f i LIBCMTD:undname.obj
 0001:0001b170       ?getLastChar@DName@@QBEDXZ 0041c170 f i LIBCMTD:undname.obj
 0001:0001b1a0       ?getString@DName@@QBEPADPADH@Z 0041c1a0 f i LIBCMTD:undname.obj
 0001:0001b230       ?getString@DName@@QBEPADPAD0@Z 0041c230 f i LIBCMTD:undname.obj
 0001:0001b270       ??HDName@@QBE?AV0@D@Z      0041c270 f   LIBCMTD:undname.obj
 0001:0001b2b0       ??HDName@@QBE?AV0@PBD@Z    0041c2b0 f   LIBCMTD:undname.obj
 0001:0001b2f0       ??HDName@@QBE?AV0@ABV0@@Z  0041c2f0 f   LIBCMTD:undname.obj
 0001:0001b330       ??HDName@@QBE?AV0@PAV0@@Z  0041c330 f   LIBCMTD:undname.obj
 0001:0001b370       ??HDName@@QBE?AV0@W4DNameStatus@@@Z 0041c370 f   LIBCMTD:undname.obj
 0001:0001b3b0       ?append@DName@@AAEXPAVDNameNode@@@Z 0041c3b0 f   LIBCMTD:undname.obj
 0001:0001b440       ??YDName@@QAEAAV0@D@Z      0041c440 f   LIBCMTD:undname.obj
 0001:0001b4d0       ??YDName@@QAEAAV0@PBD@Z    0041c4d0 f   LIBCMTD:undname.obj
 0001:0001b570       ??YDName@@QAEAAV0@ABV0@@Z  0041c570 f   LIBCMTD:undname.obj
 0001:0001b5e0       ??YDName@@QAEAAV0@PAV0@@Z  0041c5e0 f   LIBCMTD:undname.obj
 0001:0001b6a0       ??YDName@@QAEAAV0@W4DNameStatus@@@Z 0041c6a0 f   LIBCMTD:undname.obj
 0001:0001b710       ??_5DName@@QAEAAV0@ABV0@@Z 0041c710 f   LIBCMTD:undname.obj
 0001:0001b770       ??4DName@@QAEAAV0@D@Z      0041c770 f i LIBCMTD:undname.obj
 0001:0001b850       ??4DName@@QAEAAV0@PBD@Z    0041c850 f   LIBCMTD:undname.obj
 0001:0001b930       ??4DName@@QAEAAV0@ABV0@@Z  0041c930 f   LIBCMTD:undname.obj
 0001:0001b960       ??4DName@@QAEAAV0@PAV0@@Z  0041c960 f   LIBCMTD:undname.obj
 0001:0001baa0       ??4DName@@QAEAAV0@W4DNameStatus@@@Z 0041caa0 f   LIBCMTD:undname.obj
 0001:0001bba0       ?doPchar@DName@@AAEXPBDH@Z 0041cba0 f   LIBCMTD:undname.obj
 0001:0001bce0       ?isFull@Replicator@@QBEHXZ 0041cce0 f i LIBCMTD:undname.obj
 0001:0001bd00       ??0Replicator@@QAE@XZ      0041cd00 f i LIBCMTD:undname.obj
 0001:0001bd20       ??YReplicator@@QAEAAV0@ABVDName@@@Z 0041cd20 f   LIBCMTD:undname.obj
 0001:0001bdb0       ??AReplicator@@QBE?AVDName@@H@Z 0041cdb0 f   LIBCMTD:undname.obj
 0001:0001be20       ??0DNameNode@@IAE@XZ       0041ce20 f   LIBCMTD:undname.obj
 0001:0001be40       ??0charNode@@QAE@D@Z       0041ce40 f   LIBCMTD:undname.obj
 0001:0001be70       ?length@charNode@@UBEHXZ   0041ce70 f i LIBCMTD:undname.obj
 0001:0001be90       ?getLastChar@charNode@@UBEDXZ 0041ce90 f i LIBCMTD:undname.obj
 0001:0001beb0       ?getString@charNode@@UBEPADPAD0@Z 0041ceb0 f i LIBCMTD:undname.obj
 0001:0001bee0       ??0pcharNode@@QAE@PBDH@Z   0041cee0 f   LIBCMTD:undname.obj
 0001:0001bf70       ?length@pcharNode@@UBEHXZ  0041cf70 f i LIBCMTD:undname.obj
 0001:0001bf90       ?getLastChar@pcharNode@@UBEDXZ 0041cf90 f i LIBCMTD:undname.obj
 0001:0001bfd0       ?getString@pcharNode@@UBEPADPAD0@Z 0041cfd0 f i LIBCMTD:undname.obj
 0001:0001c000       ?getStringHelper@@YAPADPAD00H@Z 0041d000 f i LIBCMTD:undname.obj
 0001:0001c040       ??0pDNameNode@@QAE@PAVDName@@@Z 0041d040 f   LIBCMTD:undname.obj
 0001:0001c0a0       ?length@pDNameNode@@UBEHXZ 0041d0a0 f i LIBCMTD:undname.obj
 0001:0001c0e0       ?getLastChar@pDNameNode@@UBEDXZ 0041d0e0 f i LIBCMTD:undname.obj
 0001:0001c110       ?getString@pDNameNode@@UBEPADPAD0@Z 0041d110 f i LIBCMTD:undname.obj
 0001:0001c150       ??0DNameStatusNode@@AAE@W4DNameStatus@@@Z 0041d150 f   LIBCMTD:undname.obj
 0001:0001c1a0       ?length@DNameStatusNode@@UBEHXZ 0041d1a0 f i LIBCMTD:undname.obj
 0001:0001c1c0       ?getLastChar@DNameStatusNode@@UBEDXZ 0041d1c0 f i LIBCMTD:undname.obj
 0001:0001c1e0       ?getString@DNameStatusNode@@UBEPADPAD0@Z 0041d1e0 f i LIBCMTD:undname.obj
 0001:0001c220       ?make@DNameStatusNode@@SAPAV1@W4DNameStatus@@@Z 0041d220 f i LIBCMTD:undname.obj
 0001:0001c2d0       ??0pairNode@@QAE@PAVDNameNode@@0@Z 0041d2d0 f   LIBCMTD:undname.obj
 0001:0001c310       ?length@pairNode@@UBEHXZ   0041d310 f i LIBCMTD:undname.obj
 0001:0001c360       ?getLastChar@pairNode@@UBEDXZ 0041d360 f i LIBCMTD:undname.obj
 0001:0001c3b0       ?getString@pairNode@@UBEPADPAD0@Z 0041d3b0 f i LIBCMTD:undname.obj
 0001:0001c4f0       __malloc_base              0041d4f0 f   LIBCMTD:malloc.obj
 0001:0001c580       __heap_alloc_base          0041d580 f i LIBCMTD:malloc.obj
 0001:0001c5e0       __free_base                0041d5e0 f   LIBCMTD:free.obj
 0001:0001c630       __local_unwind4            0041d630 f   LIBCMTD:exsup4.obj
 0001:0001c706       __seh_longjmp_unwind4@4    0041d706 f   LIBCMTD:exsup4.obj
 0001:0001c722       @_EH4_CallFilterFunc@8     0041d722 f   LIBCMTD:exsup4.obj
 0001:0001c739       @_EH4_TransferToHandler@8  0041d739 f   LIBCMTD:exsup4.obj
 0001:0001c752       @_EH4_GlobalUnwind2@8      0041d752 f   LIBCMTD:exsup4.obj
 0001:0001c76b       @_EH4_LocalUnwind@16       0041d76b f   LIBCMTD:exsup4.obj
 0001:0001c790       _memset                    0041d790 f   LIBCMTD:memset.obj
 0001:0001c810       __expand_base              0041d810 f   LIBCMTD:expand.obj
 0001:0001c970       __realloc_base             0041d970 f   LIBCMTD:realloc.obj
 0001:0001ca70       __heapchk                  0041da70 f   LIBCMTD:heapchk.obj
 0001:0001caa0       __heapset                  0041daa0 f   LIBCMTD:heapchk.obj
 0001:0001cab0       _sprintf                   0041dab0 f   LIBCMTD:sprintf.obj
 0001:0001cc50       __sprintf_l                0041dc50 f   LIBCMTD:sprintf.obj
 0001:0001cc80       _sprintf_s                 0041dc80 f   LIBCMTD:sprintf.obj
 0001:0001ccb0       __sprintf_s_l              0041dcb0 f   LIBCMTD:sprintf.obj
 0001:0001cce0       __snprintf_s               0041dce0 f   LIBCMTD:sprintf.obj
 0001:0001cd10       __snprintf_s_l             0041dd10 f   LIBCMTD:sprintf.obj
 0001:0001cd40       __sprintf_p                0041dd40 f   LIBCMTD:sprintf.obj
 0001:0001cd70       __sprintf_p_l              0041dd70 f   LIBCMTD:sprintf.obj
 0001:0001cda0       __scprintf                 0041dda0 f   LIBCMTD:sprintf.obj
 0001:0001cdc0       __scprintf_p               0041ddc0 f   LIBCMTD:sprintf.obj
 0001:0001cde0       __scprintf_l               0041dde0 f   LIBCMTD:sprintf.obj
 0001:0001ce10       __scprintf_p_l             0041de10 f   LIBCMTD:sprintf.obj
 0001:0001ce40       __chvalidator              0041de40 f   LIBCMTD:isctype.obj
 0001:0001ce90       __chvalidator_l            0041de90 f   LIBCMTD:isctype.obj
 0001:0001cf40       __isctype_l                0041df40 f   LIBCMTD:isctype.obj
 0001:0001d060       __isctype                  0041e060 f   LIBCMTD:isctype.obj
 0001:0001d0a0       __mbstowcs_l_helper        0041e0a0 f   LIBCMTD:mbstowcs.obj
 0001:0001d3f0       __mbstowcs_l               0041e3f0 f   LIBCMTD:mbstowcs.obj
 0001:0001d410       _mbstowcs                  0041e410 f   LIBCMTD:mbstowcs.obj
 0001:0001d460       __mbstowcs_s_l             0041e460 f   LIBCMTD:mbstowcs.obj
 0001:0001d7e0       _mbstowcs_s                0041e7e0 f   LIBCMTD:mbstowcs.obj
 0001:0001d810       _strcat_s                  0041e810 f   LIBCMTD:strcat_s.obj
 0001:0001dbf0       __vsnprintf_helper         0041ebf0 f   LIBCMTD:vsnprnc.obj
 0001:0001dde0       __vsnprintf_c              0041ede0 f   LIBCMTD:vsnprnc.obj
 0001:0001de30       __vsnprintf_c_l            0041ee30 f   LIBCMTD:vsnprnc.obj
 0001:0001de80       __vsprintf_s_l             0041ee80 f   LIBCMTD:vsnprnc.obj
 0001:0001e0f0       _vsprintf_s                0041f0f0 f   LIBCMTD:vsnprnc.obj
 0001:0001e120       __vsnprintf_s_l            0041f120 f   LIBCMTD:vsnprnc.obj
 0001:0001e4c0       __vsnprintf_s              0041f4c0 f   LIBCMTD:vsnprnc.obj
 0001:0001e4f0       __vsprintf_p               0041f4f0 f   LIBCMTD:vsnprnc.obj
 0001:0001e540       __vsprintf_p_l             0041f540 f   LIBCMTD:vsnprnc.obj
 0001:0001e590       __itoa_s                   0041f590 f   LIBCMTD:xtoas.obj
 0001:0001e960       __ltoa_s                   0041f960 f   LIBCMTD:xtoas.obj
 0001:0001e9a0       __ultoa_s                  0041f9a0 f   LIBCMTD:xtoas.obj
 0001:0001e9c0       __i64toa_s                 0041f9c0 f   LIBCMTD:xtoas.obj
 0001:0001edc0       __ui64toa_s                0041fdc0 f   LIBCMTD:xtoas.obj
 0001:0001ede0       __wcstombs_l_helper        0041fde0 f   LIBCMTD:wcstombs.obj
 0001:0001f320       __wcstombs_l               00420320 f   LIBCMTD:wcstombs.obj
 0001:0001f340       _wcstombs                  00420340 f   LIBCMTD:wcstombs.obj
 0001:0001f360       __wcstombs_s_l             00420360 f   LIBCMTD:wcstombs.obj
 0001:0001f690       _wcstombs_s                00420690 f   LIBCMTD:wcstombs.obj
 0001:0001f6c0       _wcscat_s                  004206c0 f   LIBCMTD:wcscat_s.obj
 0001:0001fab0       __vswprintf_helper         00420ab0 f   LIBCMTD:vswprnc.obj
 0001:0001fd10       __vswprintf_c              00420d10 f   LIBCMTD:vswprnc.obj
 0001:0001fd60       __vswprintf_c_l            00420d60 f   LIBCMTD:vswprnc.obj
 0001:0001fdb0       __vswprintf_s_l            00420db0 f   LIBCMTD:vswprnc.obj
 0001:00020020       _vswprintf_s               00421020 f   LIBCMTD:vswprnc.obj
 0001:00020050       __vsnwprintf_s_l           00421050 f   LIBCMTD:vswprnc.obj
 0001:00020400       __vsnwprintf_s             00421400 f   LIBCMTD:vswprnc.obj
 0001:00020430       __vswprintf_p              00421430 f   LIBCMTD:vswprnc.obj
 0001:00020480       __vswprintf_p_l            00421480 f   LIBCMTD:vswprnc.obj
 0001:000204d0       __itow_s                   004214d0 f   LIBCMTD:xtows.obj
 0001:000208b0       __ltow_s                   004218b0 f   LIBCMTD:xtows.obj
 0001:000208f0       __ultow_s                  004218f0 f   LIBCMTD:xtows.obj
 0001:00020910       __i64tow_s                 00421910 f   LIBCMTD:xtows.obj
 0001:00020d30       __ui64tow_s                00421d30 f   LIBCMTD:xtows.obj
 0001:00020d50       __ValidateImageBase        00421d50 f   LIBCMTD:pesect.obj
 0001:00020db0       __FindPESection            00421db0 f   LIBCMTD:pesect.obj
 0001:00020e30       __IsNonwritableInCurrentImage 00421e30 f   LIBCMTD:pesect.obj
 0001:00020f50       __initp_misc_cfltcvt_tab   00421f50 f   LIBCMTD:cmiscdat.obj
 0001:00020f90       __initp_misc_rand_s        00421f90 f   LIBCMTD:rand_s.obj
 0001:00020fb0       _rand_s                    00421fb0 f   LIBCMTD:rand_s.obj
 0001:000211d0       __flsbuf                   004221d0 f   LIBCMTD:_flsbuf.obj
 0001:00021490       __woutput_l                00422490 f   LIBCMTD:woutput.obj
 0001:00022690       _get_int_arg               00423690 f i LIBCMTD:woutput.obj
 0001:000226b0       _get_int64_arg             004236b0 f i LIBCMTD:woutput.obj
 0001:000226d0       __vswprintf_l              004236d0 f   LIBCMTD:vswprint.obj
 0001:000228c0       __vswprintf                004238c0 f   LIBCMTD:vswprint.obj
 0001:000228e0       ___vswprintf_l             004238e0 f   LIBCMTD:vswprint.obj
 0001:00022900       __vscwprintf_helper        00423900 f   LIBCMTD:vswprint.obj
 0001:000229e0       __vscwprintf               004239e0 f   LIBCMTD:vswprint.obj
 0001:00022a00       __vscwprintf_l             00423a00 f   LIBCMTD:vswprint.obj
 0001:00022a20       __vscwprintf_p             00423a20 f   LIBCMTD:vswprint.obj
 0001:00022a40       __vscwprintf_p_l           00423a40 f   LIBCMTD:vswprint.obj
 0001:00022a60       ___crtLCMapStringA         00423a60 f   LIBCMTD:a_map.obj
 0001:00022d50       __MarkAllocaS              00423d50 f i LIBCMTD:a_map.obj
 0001:00022d80       __freea                    00423d80 f i LIBCMTD:a_map.obj
 0001:00022e40       ___crtGetStringTypeA       00423e40 f   LIBCMTD:a_str.obj
 0001:00022fb0       ___init_time               00423fb0 f   LIBCMTD:inittime.obj
 0001:00023ce0       ___free_lc_time            00424ce0 f   LIBCMTD:inittime.obj
 0001:00024350       ___init_numeric            00425350 f   LIBCMTD:initnum.obj
 0001:00024700       ___free_lconv_num          00425700 f   LIBCMTD:initnum.obj
 0001:000247b0       ___init_monetary           004257b0 f   LIBCMTD:initmon.obj
 0001:00024da0       ___free_lconv_mon          00425da0 f   LIBCMTD:initmon.obj
 0001:00024f50       _localeconv                00425f50 f   LIBCMTD:lconv.obj
 0001:00024fa0       ___pwctype_func            00425fa0 f   LIBCMTD:ctype.obj
 0001:00024fb0       ___pctype_func             00425fb0 f   LIBCMTD:ctype.obj
 0001:00025000       __set_error_mode           00426000 f   LIBCMTD:errmode.obj
 0001:000250c0       ___set_app_type            004260c0 f   LIBCMTD:errmode.obj
 0001:000250d0       _wcsncpy_s                 004260d0 f   LIBCMTD:wcsncpy_s.obj
 0001:000254e0       _strncpy_s                 004264e0 f   LIBCMTD:strncpy_s.obj
 0001:000258d0       ___crtGetLocaleInfoA       004268d0 f   LIBCMTD:a_loc.obj
 0001:00025a30       __ismbbkalnum_l            00426a30 f   LIBCMTD:ismbbyte.obj
 0001:00025a50       __ismbbkalnum              00426a50 f   LIBCMTD:ismbbyte.obj
 0001:00025a70       __ismbbkprint_l            00426a70 f   LIBCMTD:ismbbyte.obj
 0001:00025a90       __ismbbkprint              00426a90 f   LIBCMTD:ismbbyte.obj
 0001:00025ab0       __ismbbkpunct_l            00426ab0 f   LIBCMTD:ismbbyte.obj
 0001:00025ad0       __ismbbkpunct              00426ad0 f   LIBCMTD:ismbbyte.obj
 0001:00025af0       __ismbbalnum_l             00426af0 f   LIBCMTD:ismbbyte.obj
 0001:00025b10       __ismbbalnum               00426b10 f   LIBCMTD:ismbbyte.obj
 0001:00025b30       __ismbbalpha_l             00426b30 f   LIBCMTD:ismbbyte.obj
 0001:00025b50       __ismbbalpha               00426b50 f   LIBCMTD:ismbbyte.obj
 0001:00025b70       __ismbbgraph_l             00426b70 f   LIBCMTD:ismbbyte.obj
 0001:00025b90       __ismbbgraph               00426b90 f   LIBCMTD:ismbbyte.obj
 0001:00025bb0       __ismbbprint_l             00426bb0 f   LIBCMTD:ismbbyte.obj
 0001:00025bd0       __ismbbprint               00426bd0 f   LIBCMTD:ismbbyte.obj
 0001:00025bf0       __ismbbpunct_l             00426bf0 f   LIBCMTD:ismbbyte.obj
 0001:00025c10       __ismbbpunct               00426c10 f   LIBCMTD:ismbbyte.obj
 0001:00025c30       __ismbblead_l              00426c30 f   LIBCMTD:ismbbyte.obj
 0001:00025c50       __ismbblead                00426c50 f   LIBCMTD:ismbbyte.obj
 0001:00025c70       __ismbbtrail_l             00426c70 f   LIBCMTD:ismbbyte.obj
 0001:00025c90       __ismbbtrail               00426c90 f   LIBCMTD:ismbbyte.obj
 0001:00025cb0       __ismbbkana_l              00426cb0 f   LIBCMTD:ismbbyte.obj
 0001:00025d20       __ismbbkana                00426d20 f   LIBCMTD:ismbbyte.obj
 0001:00025e10       ___crtMessageBoxA          00426e10 f   LIBCMTD:crtmbox.obj
 0001:00026030       _atol                      00427030 f   LIBCMTD:atox.obj
 0001:00026050       __atol_l                   00427050 f   LIBCMTD:atox.obj
 0001:00026070       _atoi                      00427070 f   LIBCMTD:atox.obj
 0001:00026090       __atoi_l                   00427090 f   LIBCMTD:atox.obj
 0001:000260b0       __atoi64                   004270b0 f   LIBCMTD:atox.obj
 0001:000260d0       __atoi64_l                 004270d0 f   LIBCMTD:atox.obj
 0001:000260f0       __allshl                   004270f0 f   LIBCMTD:llshl.obj
 0001:00026110       __aulldiv                  00427110 f   LIBCMTD:ulldiv.obj
 0001:00026180       __aullrem                  00427180 f   LIBCMTD:ullrem.obj
 0001:00026200       __VEC_memzero              00427200 f   LIBCMTD:p4_memset.obj
 0001:000262c0       __output_l                 004272c0 f   LIBCMTD:output.obj
 0001:00027730       _get_short_arg             00428730 f i LIBCMTD:output.obj
 0001:00027750       __vsprintf_l               00428750 f   LIBCMTD:vsprintf.obj
 0001:000278f0       _vsprintf                  004288f0 f   LIBCMTD:vsprintf.obj
 0001:00027910       __vscprintf_helper         00428910 f   LIBCMTD:vsprintf.obj
 0001:000279f0       __vscprintf                004289f0 f   LIBCMTD:vsprintf.obj
 0001:00027a10       __vscprintf_l              00428a10 f   LIBCMTD:vsprintf.obj
 0001:00027a30       __vscprintf_p              00428a30 f   LIBCMTD:vsprintf.obj
 0001:00027a50       __vscprintf_p_l            00428a50 f   LIBCMTD:vsprintf.obj
 0001:00027a70       __isleadbyte_l             00428a70 f i LIBCMTD:_wctype.obj
 0001:00027ac0       _isleadbyte                00428ac0 f i LIBCMTD:_wctype.obj
 0001:00027ae0       __iswalpha_l               00428ae0 f i LIBCMTD:_wctype.obj
 0001:00027b00       _iswalpha                  00428b00 f i LIBCMTD:_wctype.obj
 0001:00027b20       __iswupper_l               00428b20 f i LIBCMTD:_wctype.obj
 0001:00027b40       _iswupper                  00428b40 f i LIBCMTD:_wctype.obj
 0001:00027b60       __iswlower_l               00428b60 f i LIBCMTD:_wctype.obj
 0001:00027b80       _iswlower                  00428b80 f i LIBCMTD:_wctype.obj
 0001:00027ba0       __iswdigit_l               00428ba0 f i LIBCMTD:_wctype.obj
 0001:00027bc0       _iswdigit                  00428bc0 f i LIBCMTD:_wctype.obj
 0001:00027be0       __iswxdigit_l              00428be0 f i LIBCMTD:_wctype.obj
 0001:00027c00       _iswxdigit                 00428c00 f i LIBCMTD:_wctype.obj
 0001:00027c20       __iswspace_l               00428c20 f i LIBCMTD:_wctype.obj
 0001:00027c40       _iswspace                  00428c40 f i LIBCMTD:_wctype.obj
 0001:00027c60       __iswpunct_l               00428c60 f i LIBCMTD:_wctype.obj
 0001:00027c80       _iswpunct                  00428c80 f i LIBCMTD:_wctype.obj
 0001:00027ca0       __iswalnum_l               00428ca0 f i LIBCMTD:_wctype.obj
 0001:00027cc0       _iswalnum                  00428cc0 f i LIBCMTD:_wctype.obj
 0001:00027ce0       __iswprint_l               00428ce0 f i LIBCMTD:_wctype.obj
 0001:00027d00       _iswprint                  00428d00 f i LIBCMTD:_wctype.obj
 0001:00027d20       __iswgraph_l               00428d20 f i LIBCMTD:_wctype.obj
 0001:00027d40       _iswgraph                  00428d40 f i LIBCMTD:_wctype.obj
 0001:00027d60       __iswcntrl_l               00428d60 f i LIBCMTD:_wctype.obj
 0001:00027d80       _iswcntrl                  00428d80 f i LIBCMTD:_wctype.obj
 0001:00027da0       _iswascii                  00428da0 f i LIBCMTD:_wctype.obj
 0001:00027dc0       __iswcsym_l                00428dc0 f i LIBCMTD:_wctype.obj
 0001:00027e00       ___iswcsym                 00428e00 f i LIBCMTD:_wctype.obj
 0001:00027e40       __iswcsymf_l               00428e40 f i LIBCMTD:_wctype.obj
 0001:00027e80       ___iswcsymf                00428e80 f i LIBCMTD:_wctype.obj
 0001:00027ec0       ____setlc_active_func      00428ec0 f   LIBCMTD:setlocal.obj
 0001:00027ed0       ____unguarded_readlc_active_add_func 00428ed0 f   LIBCMTD:setlocal.obj
 0001:00027ee0       __configthreadlocale       00428ee0 f   LIBCMTD:setlocal.obj
 0001:00028000       __locterm                  00429000 f   LIBCMTD:setlocal.obj
 0001:000280a0       __free_locale              004290a0 f   LIBCMTD:setlocal.obj
 0001:000281e0       ___free_locale             004291e0 f   LIBCMTD:setlocal.obj
 0001:00028200       __create_locale            00429200 f   LIBCMTD:setlocal.obj
 0001:00028430       ___create_locale           00429430 f   LIBCMTD:setlocal.obj
 0001:00028450       __get_current_locale       00429450 f   LIBCMTD:setlocal.obj
 0001:00028570       ___get_current_locale      00429570 f   LIBCMTD:setlocal.obj
 0001:00028580       _setlocale                 00429580 f   LIBCMTD:setlocal.obj
 0001:00029430       __expandlocale             0042a430 f   LIBCMTD:setlocal.obj
 0001:000296e0       ___init_dummy              0042a6e0 f   LIBCMTD:setlocal.obj
 0001:000296f0       __strcats                  0042a6f0 f   LIBCMTD:setlocal.obj
 0001:00029770       ___lc_strtolc              0042a770 f   LIBCMTD:setlocal.obj
 0001:00029970       ___lc_lctostr              0042a970 f   LIBCMTD:setlocal.obj
 0001:00029a10       __output_s_l               0042aa10 f   LIBCMTD:outputs.obj
 0001:0002afd0       __validate_param_reuseA    0042bfd0 f   LIBCMTD:outputp.obj
 0001:0002b240       __output_p_l               0042c240 f   LIBCMTD:outputp.obj
 0001:0002ee40       _get_crtdouble_arg         0042fe40 f i LIBCMTD:outputp.obj
 0001:0002ee60       __woutput_s_l              0042fe60 f   LIBCMTD:woutputs.obj
 0001:000301b0       __validate_param_reuseW    004311b0 f   LIBCMTD:woutputp.obj
 0001:00030420       __woutput_p_l              00431420 f   LIBCMTD:woutputp.obj
 0001:00033ba0       __fptrap                   00434ba0 f   LIBCMTD:crt0fp.obj
 0001:00033bc0       __lseeki64                 00434bc0 f   LIBCMTD:lseeki64.obj
 0001:00033e10       __lseeki64_nolock          00434e10 f   LIBCMTD:lseeki64.obj
 0001:00033f00       __write                    00434f00 f   LIBCMTD:write.obj
 0001:00034130       __write_nolock             00435130 f   LIBCMTD:write.obj
 0001:00034c70       __getbuf                   00435c70 f   LIBCMTD:_getbuf.obj
 0001:00034d40       __isatty                   00435d40 f   LIBCMTD:isatty.obj
 0001:00034e00       ___iob_func                00435e00 f   LIBCMTD:_file.obj
 0001:00034e10       ___initstdio               00435e10 f   LIBCMTD:_file.obj
 0001:00034f60       ___endstdio                00435f60 f   LIBCMTD:_file.obj
 0001:00034f90       __lock_file                00435f90 f   LIBCMTD:_file.obj
 0001:00034ff0       __lock_file2               00435ff0 f   LIBCMTD:_file.obj
 0001:00035030       __unlock_file              00436030 f   LIBCMTD:_file.obj
 0001:00035090       __unlock_file2             00436090 f   LIBCMTD:_file.obj
 0001:000350d0       __fileno                   004360d0 f   LIBCMTD:fileno.obj
 0001:00035150       _printf                    00436150 f   LIBCMTD:printf.obj
 0001:00035290       __printf_l                 00436290 f   LIBCMTD:printf.obj
 0001:000352c0       __printf_s_l               004362c0 f   LIBCMTD:printf.obj
 0001:000352f0       _printf_s                  004362f0 f   LIBCMTD:printf.obj
 0001:00035320       __printf_p_l               00436320 f   LIBCMTD:printf.obj
 0001:00035350       __printf_p                 00436350 f   LIBCMTD:printf.obj
 0001:00035380       __set_printf_count_output  00436380 f   LIBCMTD:printf.obj
 0001:000353d0       __get_printf_count_output  004363d0 f   LIBCMTD:printf.obj
 0001:000353f0       __mbtowc_l                 004363f0 f   LIBCMTD:mbtowc.obj
 0001:00035610       _mbtowc                    00436610 f   LIBCMTD:mbtowc.obj
 0001:00035630       _fputwc                    00436630 f   LIBCMTD:fputwc.obj
 0001:00035730       __fputwc_nolock            00436730 f   LIBCMTD:fputwc.obj
 0001:00035a20       _putwc                     00436a20 f   LIBCMTD:fputwc.obj
 0001:00035a40       _strtol                    00436a40 f   LIBCMTD:strtol.obj
 0001:00035f70       __strtol_l                 00436f70 f   LIBCMTD:strtol.obj
 0001:00035fa0       _strtoul                   00436fa0 f   LIBCMTD:strtol.obj
 0001:00035ff0       __strtoul_l                00436ff0 f   LIBCMTD:strtol.obj
 0001:00036020       __strtoi64                 00437020 f   LIBCMTD:strtoq.obj
 0001:00036590       __strtoi64_l               00437590 f   LIBCMTD:strtoq.obj
 0001:000365c0       __strtoui64                004375c0 f   LIBCMTD:strtoq.obj
 0001:00036610       __strtoui64_l              00437610 f   LIBCMTD:strtoq.obj
 0001:00036640       __wctomb_s_l               00437640 f   LIBCMTD:wctomb.obj
 0001:00036940       _wctomb_s                  00437940 f   LIBCMTD:wctomb.obj
 0001:00036970       __wctomb_l                 00437970 f   LIBCMTD:wctomb.obj
 0001:000369f0       _wctomb                    004379f0 f   LIBCMTD:wctomb.obj
 0001:00036a40       __iswctype_l               00437a40 f   LIBCMTD:iswctype.obj
 0001:00036a60       _iswctype                  00437a60 f   LIBCMTD:iswctype.obj
 0001:00036ac0       _is_wctype                 00437ac0 f   LIBCMTD:iswctype.obj
 0001:00036ae0       ___init_ctype              00437ae0 f   LIBCMTD:initctyp.obj
 0001:00037090       ____mb_cur_max_func        00438090 f   LIBCMTD:initctyp.obj
 0001:000370e0       ____mb_cur_max_l_func      004380e0 f   LIBCMTD:initctyp.obj
 0001:00037110       ____lc_codepage_func       00438110 f   LIBCMTD:initctyp.obj
 0001:00037160       ____lc_collate_cp_func     00438160 f   LIBCMTD:initctyp.obj
 0001:000371b0       ____lc_handle_func         004381b0 f   LIBCMTD:initctyp.obj
 0001:00037200       ___init_collate            00438200 f   LIBCMTD:initcoll.obj
 0001:00037210       _strcspn                   00438210 f   LIBCMTD:strcspn.obj
 0001:00037260       _strncmp                   00438260 f   LIBCMTD:strncmp.obj
 0001:000373e0       _strpbrk                   004383e0 f   LIBCMTD:strpbrk.obj
 0001:00037420       _memcmp                    00438420 f   LIBCMTD:memcmp.obj
 0001:00037e90       ___get_qualified_locale    00438e90 f   LIBCMTD:getqloc.obj
 0001:00038cf0       _wcstol                    00439cf0 f   LIBCMTD:wcstol.obj
 0001:000390c0       __wcstol_l                 0043a0c0 f   LIBCMTD:wcstol.obj
 0001:000390e0       _wcstoul                   0043a0e0 f   LIBCMTD:wcstol.obj
 0001:00039100       __wcstoul_l                0043a100 f   LIBCMTD:wcstol.obj
 0001:00039120       __alloc_osfhnd             0043a120 f   LIBCMTD:osfinfo.obj
 0001:000393d0       __set_osfhnd               0043a3d0 f   LIBCMTD:osfinfo.obj
 0001:000394a0       __free_osfhnd              0043a4a0 f   LIBCMTD:osfinfo.obj
 0001:00039590       __get_osfhandle            0043a590 f   LIBCMTD:osfinfo.obj
 0001:00039700       __open_osfhandle           0043a700 f   LIBCMTD:osfinfo.obj
 0001:00039930       ___lock_fhandle            0043a930 f   LIBCMTD:osfinfo.obj
 0001:00039a30       __unlock_fhandle           0043aa30 f   LIBCMTD:osfinfo.obj
 0001:00039a60       __putwch                   0043aa60 f   LIBCMTD:putwch.obj
 0001:00039af0       __putwch_nolock            0043aaf0 f   LIBCMTD:putwch.obj
 0001:00039b40       __fcloseall                0043ab40 f   LIBCMTD:closeall.obj
 0001:00039c70       _fflush                    0043ac70 f   LIBCMTD:fflush.obj
 0001:00039d10       __fflush_nolock            0043ad10 f   LIBCMTD:fflush.obj
 0001:00039d70       __flush                    0043ad70 f   LIBCMTD:fflush.obj
 0001:00039e30       __flushall                 0043ae30 f   LIBCMTD:fflush.obj
 0001:0003a000       __stbuf                    0043b000 f   LIBCMTD:_sftbuf.obj
 0001:0003a160       __ftbuf                    0043b160 f   LIBCMTD:_sftbuf.obj
 0001:0003a1f0       _vprintf_helper            0043b1f0 f   LIBCMTD:vprintf.obj
 0001:0003a310       __vprintf_l                0043b310 f   LIBCMTD:vprintf.obj
 0001:0003a330       __vprintf_s_l              0043b330 f   LIBCMTD:vprintf.obj
 0001:0003a350       __vprintf_p_l              0043b350 f   LIBCMTD:vprintf.obj
 0001:0003a370       _vprintf                   0043b370 f   LIBCMTD:vprintf.obj
 0001:0003a390       _vprintf_s                 0043b390 f   LIBCMTD:vprintf.obj
 0001:0003a3b0       __vprintf_p                0043b3b0 f   LIBCMTD:vprintf.obj
 0001:0003a3d0       __flswbuf                  0043b3d0 f   LIBCMTD:_flswbuf.obj
 0001:0003a6b0       __allmul                   0043b6b0 f   LIBCMTD:llmul.obj
 0001:0003a6f0       __stricmp_l                0043b6f0 f   LIBCMTD:stricmp.obj
 0001:0003a8a0       ___ascii_stricmp           0043b8a0 f   LIBCMTD:stricmp.obj
 0001:0003a920       __stricmp                  0043b920 f   LIBCMTD:stricmp.obj
 0001:0003aa30       __strnicmp_l               0043ba30 f   LIBCMTD:strnicmp.obj
 0001:0003ac70       __strnicmp                 0043bc70 f   LIBCMTD:strnicmp.obj
 0001:0003ae00       __wchartodigit             0043be00 f   LIBCMTD:wchtodig.obj
 0001:0003b130       ___initconout              0043c130 f   LIBCMTD:initcon.obj
 0001:0003b160       ___termconout              0043c160 f   LIBCMTD:initcon.obj
 0001:0003b190       _fclose                    0043c190 f   LIBCMTD:fclose.obj
 0001:0003b2a0       __fclose_nolock            0043c2a0 f   LIBCMTD:fclose.obj
 0001:0003b3a0       __commit                   0043c3a0 f   LIBCMTD:commit.obj
 0001:0003b5c0       __tolower                  0043c5c0 f   LIBCMTD:tolower.obj
 0001:0003b5d0       __tolower_l                0043c5d0 f   LIBCMTD:tolower.obj
 0001:0003b7b0       _tolower                   0043c7b0 f   LIBCMTD:tolower.obj
 0001:0003b800       ___ascii_strnicmp          0043c800 f   LIBCMTD:_strnicm.obj
 0001:0003b870       __close                    0043c870 f   LIBCMTD:close.obj
 0001:0003ba80       __close_nolock             0043ca80 f   LIBCMTD:close.obj
[...]
 0003:000001e4       ___getvalueindex           0044c1e4     LIBCMTD:tidtable.obj
 0003:00000310       __crtDbgFlag               0044c310     LIBCMTD:dbgheap.obj
 0003:00000314       ___crtDebugFillThreshold   0044c314     LIBCMTD:dbgheap.obj
 0003:0000031c       __crtBreakAlloc            0044c31c     LIBCMTD:dbgheap.obj
 0003:00000324       __crtAssertBusy            0044c324     LIBCMTD:dbgrptt.obj
 0003:00000328       __CrtDbgMode               0044c328     LIBCMTD:dbgrptt.obj
 0003:00000334       __CrtDbgFile               0044c334     LIBCMTD:dbgrptt.obj
 0003:000004b0       ___initialmbcinfo          0044c4b0     LIBCMTD:mbctype.obj
 0003:000006d0       __mbctype                  0044c6d0     LIBCMTD:mbctype.obj
 0003:000007d8       __mbcasemap                0044c7d8     LIBCMTD:mbctype.obj
 0003:000008d8       ___ptmbcinfo               0044c8d8     LIBCMTD:mbctype.obj
 0003:000009d0       ___globallocalestatus      0044c9d0     LIBCMTD:glstatus.obj
 0003:000009d4       ___clocalestr              0044c9d4     LIBCMTD:nlsdata2.obj
 0003:000009d8       ___lc_time_c               0044c9d8     LIBCMTD:nlsdata2.obj
 0003:00000b40       ___initiallocinfo          0044cb40     LIBCMTD:nlsdata2.obj
 0003:00000c18       ___ptlocinfo               0044cc18     LIBCMTD:nlsdata2.obj
 0003:00000c1c       ___initiallocalestructinfo 0044cc1c     LIBCMTD:nlsdata2.obj
 0003:00000c24       ___abort_behavior          0044cc24     LIBCMTD:abort.obj
 0003:00000c28       ___badioinfo               0044cc28     LIBCMTD:ioinit.obj
 0003:00000c80       __NLG_Destination          0044cc80     LIBCMTD:exsup.obj
 0003:00000c90       __pfnAllocHook             0044cc90     LIBCMTD:dbghook.obj
 0003:00000ca0       __cfltcvt_tab              0044cca0     LIBCMTD:cmiscdat.obj
 0003:00000cc8       ___lconv_static_decimal    0044ccc8     LIBCMTD:lconv.obj
 0003:00000ccc       ___lconv_static_W_decimal  0044cccc     LIBCMTD:lconv.obj
 0003:00000cd0       ___lconv_c                 0044ccd0     LIBCMTD:lconv.obj
 0003:00000d20       ___lconv                   0044cd20     LIBCMTD:lconv.obj
 0003:00000d24       __pctype                   0044cd24     LIBCMTD:ctype.obj
 0003:00000d28       __pwctype                  0044cd28     LIBCMTD:ctype.obj
 0003:00000d30       ___nullstring              0044cd30     LIBCMTD:output.obj
 0003:00000d34       ___wnullstring             0044cd34     LIBCMTD:output.obj
 0003:00000d40       __iob                      0044cd40     LIBCMTD:_file.obj
 0003:00000fc0       ___mb_cur_max              0044cfc0     LIBCMTD:nlsdata1.obj
 0003:00000fc4       ___decimal_point           0044cfc4     LIBCMTD:nlsdata1.obj
 0003:00000fc8       ___decimal_point_length    0044cfc8     LIBCMTD:nlsdata1.obj
 0003:00000fd0       __confh                    0044cfd0     LIBCMTD:initcon.obj
 0003:0000102c       __aenvptr                  0044d02c     LIBCMTD:wincrt0.obj
 0003:00001030       __wenvptr                  0044d030     LIBCMTD:wincrt0.obj
 0003:00001034       ___error_mode              0044d034     LIBCMTD:wincrt0.obj
 0003:00001038       ?_pnhHeap@@3P6AHI@ZA       0044d038     LIBCMTD:handler.obj
 0003:0000103c       ?wsprintffp@@3P6AHPADPBDZZA 0044d03c     LIBCMTD:_error_.obj
 0003:00001048       _gpFlsAlloc                0044d048     LIBCMTD:tidtable.obj
 0003:0000104c       _gpFlsGetValue             0044d04c     LIBCMTD:tidtable.obj
 0003:00001050       _gpFlsSetValue             0044d050     LIBCMTD:tidtable.obj
 0003:00001054       _gpFlsFree                 0044d054     LIBCMTD:tidtable.obj
 0003:00001058       ?__pInconsistency@@3P6AXXZA 0044d058     LIBCMTD:hooks.obj
 0003:0000150c       ?_pfnDumpClient@@3P6AXPAXI@ZA 0044d50c     LIBCMTD:dbgheap.obj
 0003:00001514       ___crtDebugCheckCount      0044d514     LIBCMTD:dbgheap.obj
 0003:0000151c       ___pInvalidArgHandler      0044d51c     LIBCMTD:invarg.obj
 0003:00001520       __umaskval                 0044d520     LIBCMTD:crt0dat.obj
 0003:00001524       ___argc                    0044d524     LIBCMTD:crt0dat.obj
 0003:00001528       ___argv                    0044d528     LIBCMTD:crt0dat.obj
 0003:0000152c       ___wargv                   0044d52c     LIBCMTD:crt0dat.obj
 0003:00001530       __environ                  0044d530     LIBCMTD:crt0dat.obj
 0003:00001534       ___initenv                 0044d534     LIBCMTD:crt0dat.obj
 0003:00001538       __wenviron                 0044d538     LIBCMTD:crt0dat.obj
 0003:0000153c       ___winitenv                0044d53c     LIBCMTD:crt0dat.obj
 0003:00001540       __pgmptr                   0044d540     LIBCMTD:crt0dat.obj
 0003:00001544       __wpgmptr                  0044d544     LIBCMTD:crt0dat.obj
 0003:00001548       __exitflag                 0044d548     LIBCMTD:crt0dat.obj
 0003:0000154c       __C_Termination_Done       0044d54c     LIBCMTD:crt0dat.obj
 0003:00001550       __C_Exit_Done              0044d550     LIBCMTD:crt0dat.obj
 0003:00001584       ___mbulinfo                0044d584     LIBCMTD:mbctype.obj
 0003:00001590       ___mbcodepage              0044d590     LIBCMTD:mbctype.obj
 0003:00001594       ___ismbcodepage            0044d594     LIBCMTD:mbctype.obj
 0003:00001598       ___mblcid                  0044d598     LIBCMTD:mbctype.obj
 0003:00001bc8       ___pPurecall               0044dbc8     LIBCMTD:inithelp.obj
 0003:00001cd8       __crtheap                  0044dcd8     LIBCMTD:heapinit.obj
 0003:00001cdc       __newmode                  0044dcdc     LIBCMTD:_newmode.obj
 0003:00001cfc       ?pArgList@UnDecorator@@0PAVReplicator@@A 0044dcfc     LIBCMTD:undname.obj
 0003:00001d00       ?pZNameList@UnDecorator@@0PAVReplicator@@A 0044dd00     LIBCMTD:undname.obj
 0003:00001d04       ?pTemplateArgList@UnDecorator@@0PAVReplicator@@A 0044dd04     LIBCMTD:undname.obj
 0003:00001d08       ?gName@UnDecorator@@0PBDB  0044dd08     LIBCMTD:undname.obj
 0003:00001d0c       ?name@UnDecorator@@0PBDB   0044dd0c     LIBCMTD:undname.obj
 0003:00001d10       ?outputString@UnDecorator@@0PADA 0044dd10     LIBCMTD:undname.obj
 0003:00001d14       ?maxStringLength@UnDecorator@@0HA 0044dd14     LIBCMTD:undname.obj
 0003:00001d18       ?disableFlags@UnDecorator@@0KA 0044dd18     LIBCMTD:undname.obj
 0003:00001d1c       ?m_pGetParameter@UnDecorator@@0P6APADJ@ZA 0044dd1c     LIBCMTD:undname.obj
 0003:00001d20       ?fExplicitTemplateParams@UnDecorator@@0_NA 0044dd20     LIBCMTD:undname.obj
 0003:00001d21       ?fGetTemplateArgumentList@UnDecorator@@0_NA 0044dd21     LIBCMTD:undname.obj
 0003:00001d78       ?nodes@?1??make@DNameStatusNode@@SAPAV2@W4DNameStatus@@@Z@4PAV2@A 0044dd78     LIBCMTD:undname.obj
 0003:00001da8       ??_B?1??make@DNameStatusNode@@SAPAV1@W4DNameStatus@@@Z@51 0044dda8     LIBCMTD:undname.obj
 0003:00001db0       ___lconv_static_null       0044ddb0     LIBCMTD:lconv.obj
 0003:00001db4       ___lconv_static_W_null     0044ddb4     LIBCMTD:lconv.obj
 0003:00001dcc       ___locale_changed          0044ddcc     LIBCMTD:setlocal.obj
 0003:00001dd0       __cflush                   0044ddd0     LIBCMTD:_file.obj
 0003:00001dd8       __stdbuf                   0044ddd8     LIBCMTD:_sftbuf.obj
 0003:00001de0       ___piob                    0044dde0     <common>
 0003:00001e00       __bufin                    0044de00     <common>
 0003:00002e00       __nstream                  0044ee00     <common>
 0003:00002e04       ___setlc_active            0044ee04     <common>
 0003:00002e08       ___unguarded_readlc_active 0044ee08     <common>
 0003:00002e0c       __debugger_hook_dummy      0044ee0c     <common>
 0003:00002e10       __nhandle                  0044ee10     <common>
 0003:00002e20       ___pioinfo                 0044ee20     <common>
 0003:00002f20       ___env_initialized         0044ef20     <common>
 0003:00002f24       ___onexitend               0044ef24     <common>
 0003:00002f28       ___onexitbegin             0044ef28     <common>
 0003:00002f2c       ___mbctype_initialized     0044ef2c     <common>
 0003:00002f30       __FPinit                   0044ef30     <common>
 0003:00002f34       ___dyn_tls_init_callback   0044ef34     <common>
 0003:00002f38       __pfnReportHook            0044ef38     <common>
 0003:00002f3c       __pReportHookListW         0044ef3c     <common>
 0003:00002f40       __pReportHookList          0044ef40     <common>
 0003:00002f44       ___sse2_available          0044ef44     <common>
 0003:00002f48       __acmdln                   0044ef48     <common>
 0003:00002f4c       __NoHeapEnableTerminationOnCorruption 0044ef4c     <common>

 entry point at        0001:00003850

 Static symbols

 0001:000025f0       ?CatchGuardHandler@@YA?AW4_EXCEPTION_DISPOSITION@@PAUEHExceptionRecord@@PAUCatchGuardRN@@PAX2@Z 004035f0 f   LIBCMTD:_trnsctrl_.obj
 0001:00002730       ?TranslatorGuardHandler@@YA?AW4_EXCEPTION_DISPOSITION@@PAUEHExceptionRecord@@PAUTranslatorGuardRN@@PAX2@Z 00403730 f   LIBCMTD:_trnsctrl_.obj
 0001:00003870       ___tmainCRTStartup         00404870 f   LIBCMTD:wincrt0.obj
 0001:00003a30       _fast_error_exit           00404a30 f   LIBCMTD:wincrt0.obj
 0001:00003a60       _check_managed_app         00404a60 f   LIBCMTD:wincrt0.obj
 0001:00003b50       __onexit_nolock            00404b50 f   LIBCMTD:onexit.obj
 0001:000044a0       ?failwithmessage@@YAXPAXHHPBD@Z 004054a0 f   LIBCMTD:_error_.obj
 0001:000046c0       ?DebuggerProbe@@YAHK@Z     004056c0 f   LIBCMTD:_error_.obj
 0001:00004750       ?DebuggerRuntime@@YAHKHPAXPB_W@Z 00405750 f   LIBCMTD:_error_.obj
 0001:00004a30       ?_getMemBlockDataString@@YAXPAD00I@Z 00405a30 f   LIBCMTD:_error_.obj
 0001:00004e10       ?FindHandler@@YAXPAUEHExceptionRecord@@PAUEHRegistrationNode@@PAU_CONTEXT@@PAXPBU_s_FuncInfo@@EH1@Z 00405e10 f   LIBCMTD:frame.obj
 0001:00005360       ?FindHandlerForForeignException@@YAXPAUEHExceptionRecord@@PAUEHRegistrationNode@@PAU_CONTEXT@@PAXPBU_s_FuncInfo@@HH1@Z 00406360 f   LIBCMTD:frame.obj
 0001:000057a0       ?CatchIt@@YAXPAUEHExceptionRecord@@PAUEHRegistrationNode@@PAU_CONTEXT@@PAXPBU_s_FuncInfo@@PBU_s_HandlerType@@PBU_s_CatchableType@@PBU_s_TryBlockMapEntry@@H1E@Z 004067a0 f   LIBCMTD:frame.obj
 0001:00005860       ?CallCatchBlock@@YAPAXPAUEHExceptionRecord@@PAUEHRegistrationNode@@PAU_CONTEXT@@PBU_s_FuncInfo@@PAXHK@Z 00406860 f   LIBCMTD:frame.obj
 0001:00005af0       ?ExFilterRethrow@@YAHPAU_EXCEPTION_POINTERS@@@Z 00406af0 f   LIBCMTD:frame.obj
 0001:00006760       ?IsInExceptionSpec@@YAEPAUEHExceptionRecord@@PBU_s_ESTypeList@@@Z 00407760 f   LIBCMTD:frame.obj
 0001:00006820       ?CallUnexpected@@YAXPBU_s_ESTypeList@@@Z 00407820 f   LIBCMTD:frame.obj
 0001:0000686e       __catch$?CallUnexpected@@YAXPBU_s_ESTypeList@@@Z$0 0040786e f   LIBCMTD:frame.obj
 0001:000068b0       ?Is_bad_exception_allowed@@YAEPBU_s_ESTypeList@@@Z 004078b0 f   LIBCMTD:frame.obj
 0001:00007f80       __nh_malloc_dbg_impl       00408f80 f   LIBCMTD:dbgheap.obj
 0001:00008020       __heap_alloc_dbg_impl      00409020 f   LIBCMTD:dbgheap.obj
 0001:000085f0       _realloc_help              004095f0 f   LIBCMTD:dbgheap.obj
 0001:000096b0       _CheckBytes                0040a6b0 f   LIBCMTD:dbgheap.obj
 0001:0000a480       ?_CrtMemDumpAllObjectsSince_stat@@YAXPBU_CrtMemState@@PAUlocaleinfo_struct@@@Z 0040b480 f   LIBCMTD:dbgheap.obj
 0001:0000a790       __printMemBlockData        0040b790 f   LIBCMTD:dbgheap.obj
 0001:0000cee0       _ValidateLocalCookies      0040dee0 f   LIBCMTD:chandler4.obj
 0001:0000d1e0       _doexit                    0040e1e0 f   LIBCMTD:crt0dat.obj
 0001:0000d4d0       __initterm                 0040e4d0 f   LIBCMTD:crt0dat.obj
 0001:0000db00       _ctrlevent_capture@4       0040eb00 f   LIBCMTD:winsig.obj
 0001:0000df00       _siglookup                 0040ef00 f   LIBCMTD:winsig.obj
 0001:0000ee40       ?getSystemCP@@YAHH@Z       0040fe40 f   LIBCMTD:mbctype.obj
 0001:0000f2a0       ?CPtoLCID@@YAHH@Z          004102a0 f   LIBCMTD:mbctype.obj
 0001:0000f320       ?setSBCS@@YAXPAUthreadmbcinfostruct@@@Z 00410320 f   LIBCMTD:mbctype.obj
 0001:0000f400       ?setSBUpLow@@YAXPAUthreadmbcinfostruct@@@Z 00410400 f   LIBCMTD:mbctype.obj
 0001:00010960       _xcptlookup                00411960 f   LIBCMTD:winxfltr.obj
 0001:00010d60       _parse_cmdline             00411d60 f   LIBCMTD:stdargv.obj
 0001:00011dc0       ?GetPdbDll@@YAPAUHINSTANCE__@@XZ 00412dc0 f   LIBCMTD:_pdblkup_.obj
 0001:00012b70       __unwind_handler           00413b70 f   LIBCMTD:exsup.obj
 0001:0001c410       ?und_strlen@@YAIPBD@Z      0041d410 f   LIBCMTD:undname.obj
 0001:0001c450       ?und_memcpy@@YAXPADPBDI@Z  0041d450 f   LIBCMTD:undname.obj
 0001:0001c490       ?und_strncmp@@YAIPBD0I@Z   0041d490 f   LIBCMTD:undname.obj
 0001:0001c6c0       __unwind_handler4          0041d6c0 f   LIBCMTD:exsup4.obj
 0001:0001c920       __is_LFH_enabled           0041d920 f   LIBCMTD:expand.obj
 0001:0001e5f0       _xtoa_s@20                 0041f5f0 f   LIBCMTD:xtoas.obj
 0001:0001ea10       @x64toa_s@24               0041fa10 f   LIBCMTD:xtoas.obj
 0001:0001f2c0       ?wcsncnt@@YAIPB_WI@Z       004202c0 f   LIBCMTD:wcstombs.obj
 0001:00020530       _xtow_s@20                 00421530 f   LIBCMTD:xtows.obj
 0001:00020960       @x64tow_s@24               00421960 f   LIBCMTD:xtows.obj
 0001:00022530       _write_char                00423530 f   LIBCMTD:woutput.obj
 0001:00022590       _write_multi_char          00423590 f   LIBCMTD:woutput.obj
 0001:000225d0       _write_string              004235d0 f   LIBCMTD:woutput.obj
 0001:00022ac0       ?__crtLCMapStringA_stat@@YAHPAUlocaleinfo_struct@@KKPBDHPADHHH@Z 00423ac0 f   LIBCMTD:a_map.obj
 0001:00022df0       ?strncnt@@YAHPBDH@Z        00423df0 f   LIBCMTD:a_map.obj
 0001:00022ea0       ?__crtGetStringTypeA_stat@@YAHPAUlocaleinfo_struct@@KPBDHPAGHHH@Z 00423ea0 f   LIBCMTD:a_str.obj
 0001:000230a0       __get_lc_time              004240a0 f   LIBCMTD:inittime.obj
 0001:00024680       _fix_grouping              00425680 f   LIBCMTD:initnum.obj
 0001:00024d20       _fix_grouping              00425d20 f   LIBCMTD:initmon.obj
 0001:00025920       ?__crtGetLocaleInfoA_stat@@YAHPAUlocaleinfo_struct@@KKPADH@Z 00426920 f   LIBCMTD:a_loc.obj
 0001:00025d40       ?x_ismbbtype_l@@YAHPAUlocaleinfo_struct@@IHH@Z 00426d40 f   LIBCMTD:ismbbyte.obj
 0001:00027580       _write_char                00428580 f   LIBCMTD:output.obj
 0001:00027630       _write_multi_char          00428630 f   LIBCMTD:output.obj
 0001:00027670       _write_string              00428670 f   LIBCMTD:output.obj
 0001:000283e0       __copytlocinfo_nolock      004293e0 f   LIBCMTD:setlocal.obj
 0001:000287e0       _sync_legacy_variables_lk  004297e0 f   LIBCMTD:setlocal.obj
 0001:00028820       __setlocale_nolock         00429820 f   LIBCMTD:setlocal.obj
 0001:00028c10       __setlocale_set_cat        00429c10 f   LIBCMTD:setlocal.obj
 0001:00029140       __setlocale_get_all        0042a140 f   LIBCMTD:setlocal.obj
 0001:0002ae20       _write_char                0042be20 f   LIBCMTD:outputs.obj
 0001:0002aed0       _write_multi_char          0042bed0 f   LIBCMTD:outputs.obj
 0001:0002af10       _write_string              0042bf10 f   LIBCMTD:outputs.obj
 0001:0002ec90       _write_char                0042fc90 f   LIBCMTD:outputp.obj
 0001:0002ed40       _write_multi_char          0042fd40 f   LIBCMTD:outputp.obj
 0001:0002ed80       _write_string              0042fd80 f   LIBCMTD:outputp.obj
 0001:00030050       _write_char                00431050 f   LIBCMTD:woutputs.obj
 0001:000300b0       _write_multi_char          004310b0 f   LIBCMTD:woutputs.obj
 0001:000300f0       _write_string              004310f0 f   LIBCMTD:woutputs.obj
 0001:00033a40       _write_char                00434a40 f   LIBCMTD:woutputp.obj
 0001:00033aa0       _write_multi_char          00434aa0 f   LIBCMTD:woutputp.obj
 0001:00033ae0       _write_string              00434ae0 f   LIBCMTD:woutputp.obj
 0001:00035a90       ?strtoxl@@YAKPAUlocaleinfo_struct@@PBDPAPBDHH@Z 00436a90 f   LIBCMTD:strtol.obj
 0001:00036070       ?strtoxq@@YA_KPAUlocaleinfo_struct@@PBDPAPBDHH@Z 00437070 f   LIBCMTD:strtoq.obj
 0001:000375e0       _cmpBYTE                   004385e0 f   LIBCMTD:memcmp.obj
 0001:00037610       _cmpResult                 00438610 f   LIBCMTD:memcmp.obj
 0001:00037630       _unaligned_memcmp          00438630 f   LIBCMTD:memcmp.obj
 0001:00037d40       _cmpWORD                   00438d40 f   LIBCMTD:memcmp.obj
 0001:00037dc0       _cmpDWORD                  00438dc0 f   LIBCMTD:memcmp.obj
 0001:00038140       _TranslateName             00439140 f   LIBCMTD:getqloc.obj
 0001:000381d0       _GetLcidFromLangCountry    004391d0 f   LIBCMTD:getqloc.obj
 0001:00038290       _LangCountryEnumProc@4     00439290 f   LIBCMTD:getqloc.obj
 0001:000386d0       _GetLcidFromLanguage       004396d0 f   LIBCMTD:getqloc.obj
 0001:00038750       _LanguageEnumProc@4        00439750 f   LIBCMTD:getqloc.obj
 0001:000388f0       _GetLcidFromCountry        004398f0 f   LIBCMTD:getqloc.obj
 0001:00038940       _CountryEnumProc@4         00439940 f   LIBCMTD:getqloc.obj
 0001:00038a40       _GetLcidFromDefault        00439a40 f   LIBCMTD:getqloc.obj
 0001:00038a80       _ProcessCodePage           00439a80 f   LIBCMTD:getqloc.obj
 0001:00038b30       _TestDefaultCountry        00439b30 f   LIBCMTD:getqloc.obj
 0001:00038b80       _TestDefaultLanguage       00439b80 f   LIBCMTD:getqloc.obj
 0001:00038c00       _LcidFromHexString         00439c00 f   LIBCMTD:getqloc.obj
 0001:00038c80       _GetPrimaryLen             00439c80 f   LIBCMTD:getqloc.obj
 0001:00038d10       ?wcstoxl@@YAKPB_WPAPB_WHH@Z 00439d10 f   LIBCMTD:wcstol.obj
 0001:00039e50       _flsall                    0043ae50 f   LIBCMTD:fflush.obj
 0001:0003bdc0       __unwindfunclet$??0CGameBoxFrame@@QAE@XZ$0 0043cdc0 f   duidemo.obj
 0001:0003bdcb       __ehhandler$??0CGameBoxFrame@@QAE@XZ 0043cdcb f   duidemo.obj
 0001:0003bdf0       __unwindfunclet$?Notify@CGameBoxFrame@@UAEXAAUtagTNotifyUI@DuiLib@@@Z$0 0043cdf0 f   duidemo.obj
 0001:0003be02       __ehhandler$?Notify@CGameBoxFrame@@UAEXAAUtagTNotifyUI@DuiLib@@@Z 0043ce02 f   duidemo.obj
 0001:0003be30       __unwindfunclet$?OnLClick@CGameBoxFrame@@QAEXPAVCControlUI@DuiLib@@@Z$0 0043ce30 f   duidemo.obj
 0001:0003be42       __ehhandler$?OnLClick@CGameBoxFrame@@QAEXPAVCControlUI@DuiLib@@@Z 0043ce42 f   duidemo.obj
 0001:0003be70       __unwindfunclet$?OnCreate@CGameBoxFrame@@QAEJIIJAAH@Z$0 0043ce70 f   duidemo.obj
 0001:0003be85       __ehhandler$?OnCreate@CGameBoxFrame@@QAEJIIJAAH@Z 0043ce85 f   duidemo.obj
 0001:0003beb0       __unwindfunclet$??1CGameBoxFrame@@QAE@XZ$0 0043ceb0 f   duidemo.obj
 0001:0003bebb       __ehhandler$??1CGameBoxFrame@@QAE@XZ 0043cebb f   duidemo.obj
 0001:0003bee0       __ehhandler$?CallUnexpected@@YAXPBU_s_ESTypeList@@@Z 0043cee0 f   LIBCMTD:frame.obj
 0001:0003bf00       __unwindfunclet$?getSystemCP@@YAHH@Z$0 0043cf00 f   LIBCMTD:mbctype.obj
 0001:0003bf08       __ehhandler$?getSystemCP@@YAHH@Z 0043cf08 f   LIBCMTD:mbctype.obj
 0001:0003bf30       __unwindfunclet$?make@DNameStatusNode@@SAPAV1@W4DNameStatus@@@Z$0 0043cf30 f   LIBCMTD:undname.obj
 0001:0003bf3e       __ehhandler$?make@DNameStatusNode@@SAPAV1@W4DNameStatus@@@Z 0043cf3e f   LIBCMTD:undname.obj
 0001:0003bf60       __unwindfunclet$?x_ismbbtype_l@@YAHPAUlocaleinfo_struct@@IHH@Z$0 0043cf60 f   LIBCMTD:ismbbyte.obj
 0001:0003bf68       __ehhandler$?x_ismbbtype_l@@YAHPAUlocaleinfo_struct@@IHH@Z 0043cf68 f   LIBCMTD:ismbbyte.obj
 0001:0003bf90       __unwindfunclet$?strtoxl@@YAKPAUlocaleinfo_struct@@PBDPAPBDHH@Z$0 0043cf90 f   LIBCMTD:strtol.obj
 0001:0003bf98       __ehhandler$?strtoxl@@YAKPAUlocaleinfo_struct@@PBDPAPBDHH@Z 0043cf98 f   LIBCMTD:strtol.obj
 0001:0003bfc0       __unwindfunclet$?strtoxq@@YA_KPAUlocaleinfo_struct@@PBDPAPBDHH@Z$0 0043cfc0 f   LIBCMTD:strtoq.obj
 0001:0003bfc8       __ehhandler$?strtoxq@@YA_KPAUlocaleinfo_struct@@PBDPAPBDHH@Z 0043cfc8 f   LIBCMTD:strtoq.obj
 0001:0003bff0       ??__Fnomem@?5???2@YAPAXI@Z@YAXXZ 0043cff0 f   LIBCMTD:new.obj
